Archive member included to satisfy reference by file (symbol)

C:/devkitPro/libogc/lib/wii\libfat.a(libfat.o)
                              main.o (fatInitDefault)
C:/devkitPro/libogc/lib/wii\libfat.a(directory.o)
                              C:/devkitPro/libogc/lib/wii\libfat.a(libfat.o) (_FAT_directory_getVolumeLabel)
C:/devkitPro/libogc/lib/wii\libfat.a(filetime.o)
                              C:/devkitPro/libogc/lib/wii\libfat.a(directory.o) (_FAT_filetime_to_time_t)
C:/devkitPro/libogc/lib/wii\libfat.a(file_allocation_table.o)
                              C:/devkitPro/libogc/lib/wii\libfat.a(directory.o) (_FAT_fat_nextCluster)
C:/devkitPro/libogc/lib/wii\libfat.a(disc.o)
                              C:/devkitPro/libogc/lib/wii\libfat.a(libfat.o) (_FAT_disc_interfaces)
C:/devkitPro/libogc/lib/wii\libfat.a(fatfile.o)
                              C:/devkitPro/libogc/lib/wii\libfat.a(libfat.o) (_FAT_open_r)
C:/devkitPro/libogc/lib/wii\libfat.a(cache.o)
                              C:/devkitPro/libogc/lib/wii\libfat.a(fatfile.o) (_FAT_cache_readSectors)
C:/devkitPro/libogc/lib/wii\libfat.a(fatdir.o)
                              C:/devkitPro/libogc/lib/wii\libfat.a(libfat.o) (_FAT_stat_r)
C:/devkitPro/libogc/lib/wii\libfat.a(partition.o)
                              C:/devkitPro/libogc/lib/wii\libfat.a(fatfile.o) (_FAT_partition_getPartitionFromPath)
C:/devkitPro/libogc/lib/wii\libogc.a(console.o)
                              main.o (CON_InitEx)
C:/devkitPro/libogc/lib/wii\libogc.a(video.o)
                              C:/devkitPro/libogc/lib/wii\libogc.a(console.o) (VIDEO_GetCurrentFramebuffer)
C:/devkitPro/libogc/lib/wii\libogc.a(pad.o)
                              main.o (PAD_Init)
C:/devkitPro/libogc/lib/wii\libogc.a(mutex.o)
                              C:/devkitPro/libogc/lib/wii\libfat.a(partition.o) (LWP_MutexInit)
C:/devkitPro/libogc/lib/wii\libogc.a(system.o)
                              C:/devkitPro/devkitPPC/bin/../lib/gcc/powerpc-eabi/13.1.0/../../../../powerpc-eabi/lib/crtmain.o (SYS_PreMain)
C:/devkitPro/libogc/lib/wii\libogc.a(cond.o)
                              C:/devkitPro/libogc/lib/wii\libogc.a(system.o) (__lwp_cond_init)
C:/devkitPro/libogc/lib/wii\libogc.a(decrementer.o)
                              C:/devkitPro/libogc/lib/wii\libogc.a(system.o) (__decrementer_init)
C:/devkitPro/libogc/lib/wii\libogc.a(message.o)
                              C:/devkitPro/libogc/lib/wii\libogc.a(system.o) (__lwp_mqbox_init)
C:/devkitPro/libogc/lib/wii\libogc.a(si.o)
                              C:/devkitPro/libogc/lib/wii\libogc.a(pad.o) (SI_Busy)
C:/devkitPro/libogc/lib/wii\libogc.a(ipc.o)
                              C:/devkitPro/libogc/lib/wii\libogc.a(system.o) (__IPC_ClntInit)
C:/devkitPro/libogc/lib/wii\libogc.a(ogc_crt0.o)
                              (_start)
C:/devkitPro/libogc/lib/wii\libogc.a(console_font_8x16.o)
                              C:/devkitPro/libogc/lib/wii\libogc.a(console.o) (console_font_8x16)
C:/devkitPro/libogc/lib/wii\libogc.a(timesupp.o)
                              C:/devkitPro/libogc/lib/wii\libogc.a(system.o) (gettick)
C:/devkitPro/libogc/lib/wii\libogc.a(lock_supp.o)
                              C:/devkitPro/libogc/lib/wii\libogc.a(system.o) (__syscall_lock_init)
C:/devkitPro/libogc/lib/wii\libogc.a(usbgecko.o)
                              C:/devkitPro/libogc/lib/wii\libogc.a(console.o) (usb_isgeckoalive)
C:/devkitPro/libogc/lib/wii\libogc.a(sbrk.o)
                              C:/devkitPro/libogc/lib/wii\libogc.a(system.o) (_sbrk_r)
C:/devkitPro/libogc/lib/wii\libogc.a(malloc_lock.o)
                              C:/devkitPro/libogc/lib/wii\libogc.a(system.o) (__memlock_init)
C:/devkitPro/libogc/lib/wii\libogc.a(stm.o)
                              C:/devkitPro/libogc/lib/wii\libogc.a(system.o) (STM_RegisterEventHandler)
C:/devkitPro/libogc/lib/wii\libogc.a(ios.o)
                              C:/devkitPro/libogc/lib/wii\libogc.a(system.o) (__IOS_InitializeSubsystems)
C:/devkitPro/libogc/lib/wii\libogc.a(es.o)
                              C:/devkitPro/libogc/lib/wii\libogc.a(ios.o) (__ES_Init)
C:/devkitPro/libogc/lib/wii\libogc.a(gcsd.o)
                              C:/devkitPro/libogc/lib/wii\libfat.a(disc.o) (__io_gcsdb)
C:/devkitPro/libogc/lib/wii\libogc.a(argv.o)
                              C:/devkitPro/libogc/lib/wii\libogc.a(ogc_crt0.o) (__CheckARGV)
C:/devkitPro/libogc/lib/wii\libogc.a(wiisd.o)
                              C:/devkitPro/libogc/lib/wii\libfat.a(disc.o) (__io_wiisd)
C:/devkitPro/libogc/lib/wii\libogc.a(conf.o)
                              C:/devkitPro/libogc/lib/wii\libogc.a(system.o) (CONF_Init)
C:/devkitPro/libogc/lib/wii\libogc.a(usbstorage.o)
                              C:/devkitPro/libogc/lib/wii\libfat.a(disc.o) (__io_usbstorage)
C:/devkitPro/libogc/lib/wii\libogc.a(wiilaunch.o)
[...]
Memory Configuration

Name             Origin             Length             Attributes
*default*        0x00000000         0xffffffff

Linker script and memory map

                0x00003400                        . = 0x3400

.stub
 *(.stub)
                0x80004000                        . = 0x80004000

.init           0x80004000      0x194
 *crt0.o(*.init)
 .init          0x80004000      0x170 C:/devkitPro/libogc/lib/wii\libogc.a(ogc_crt0.o)
                0x80004000                _start
                0x80004140                _memset
 *(.init)
 .init          0x80004170        0xc C:/devkitPro/devkitPPC/bin/../lib/gcc/powerpc-eabi/13.1.0/ecrti.o
                0x80004170                __init
 .init          0x8000417c        0x4 C:/devkitPro/devkitPPC/bin/../lib/gcc/powerpc-eabi/13.1.0/crtbegin.o
 .init          0x80004180        0x4 C:/devkitPro/devkitPPC/bin/../lib/gcc/powerpc-eabi/13.1.0/crtend.o
 .init          0x80004184       0x10 C:/devkitPro/devkitPPC/bin/../lib/gcc/powerpc-eabi/13.1.0/ecrtn.o

.rela.dyn       0x80004194        0x0
 .rela.iplt     0x80004194        0x0 C:/devkitPro/devkitPPC/bin/../lib/gcc/powerpc-eabi/13.1.0/crtbegin.o

.plt
 *(.plt)

.interp
 *(.interp)

.hash
 *(.hash)

.dynsym
 *(.dynsym)

.dynstr
 *(.dynstr)

.gnu.version
 *(.gnu.version)

.gnu.version_d
 *(.gnu.version_d)

.gnu.version_r
 *(.gnu.version_r)

.rel.init
 *(.rel.init)

.rela.init
 *(.rela.init)

.rel.text
 *(.rel.text .rel.text.* .rel.gnu.linkonce.t.*)

.rela.text      0x80004194        0x0
 *(.rela.text .rela.text.* .rela.gnu.linkonce.t.*)
 .rela.text.__do_global_dtors_aux
                0x80004194        0x0 C:/devkitPro/devkitPPC/bin/../lib/gcc/powerpc-eabi/13.1.0/crtbegin.o
 .rela.text.frame_dummy
                0x80004194        0x0 C:/devkitPro/devkitPPC/bin/../lib/gcc/powerpc-eabi/13.1.0/crtbegin.o

.rel.fini
 *(.rel.fini)

.rela.fini
 *(.rela.fini)

.rel.rodata
 *(.rel.rodata .rel.rodata.* .rel.gnu.linkonce.r.*)

.rela.rodata
 *(.rela.rodata .rela.rodata.* .rela.gnu.linkonce.r.*)

.rel.data
 *(.rel.data .rel.data.* .rel.gnu.linkonce.d.*)

.rela.data
 *(.rela.data .rela.data.* .rela.gnu.linkonce.d.*)

.rel.tdata
 *(.rel.tdata .rel.tdata.* .rel.gnu.linkonce.td.*)

.rela.tdata
 *(.rela.tdata .rela.tdata.* .rela.gnu.linkonce.td.*)

.rel.tbss
 *(.rel.tbss .rel.tbss.* .rel.gnu.linkonce.tb.*)

.rela.tbss
 *(.rela.tbss .rela.tbss.* .rela.gnu.linkonce.tb.*)

.rel.ctors
 *(.rel.ctors)

.rela.ctors
 *(.rela.ctors)

.rel.dtors
 *(.rel.dtors)

.rela.dtors
 *(.rela.dtors)

.rel.got
 *(.rel.got)

.rela.got
 *(.rela.got)

.rela.got1
 *(.rela.got1)

.rela.got2
 *(.rela.got2)

.rel.sdata
 *(.rel.sdata .rel.sdata.* .rel.gnu.linkonce.s.*)

.rela.sdata
 *(.rela.sdata .rela.sdata.* .rela.gnu.linkonce.s.*)

.rel.sbss
 *(.rel.sbss .rel.sbss.* .rel.gnu.linkonce.sb.*)

.rela.sbss
 *(.rela.sbss .rela.sbss.* .rel.gnu.linkonce.sb.*)

.rel.sdata2
 *(.rel.sdata2 .rel.sdata2.* .rel.gnu.linkonce.s2.*)

.rela.sdata2
 *(.rela.sdata2 .rela.sdata2.* .rela.gnu.linkonce.s2.*)

.rel.sbss2
 *(.rel.sbss2 .rel.sbss2.* .rel.gnu.linkonce.sb2.*)

.rela.sbss2
 *(.rela.sbss2 .rela.sbss2.* .rela.gnu.linkonce.sb2.*)

.rel.bss
 *(.rel.bss .rel.bss.* .rel.gnu.linkonce.b.*)

.rela.bss
 *(.rela.bss .rela.bss.* .rela.gnu.linkonce.b.*)

.rel.plt
 *(.rel.plt)

.rela.plt
 *(.rela.plt)

.text           0x800041a0    0x3aa60
 *(.text)
 .text          0x800041a0      0x44c C:/devkitPro/libogc/lib/wii\libogc.a(lwp_handler.o)
                0x800041a0                _cpu_context_save_fp
                0x800042e0                _cpu_context_restore_fp
                0x80004420                _cpu_context_switch
                0x80004500                _cpu_context_save
                0x80004580                _cpu_context_restore
 .text          0x800045ec      0x1ac C:/devkitPro/libogc/lib/wii\libogc.a(irq_handler.o)
                0x800045ec                irq_exceptionhandler
 .text          0x80004798      0x118 C:/devkitPro/libogc/lib/wii\libogc.a(video_asm.o)
                0x80004798                __VIClearFramebuffer
 .text          0x800048b0      0x4f4 C:/devkitPro/libogc/lib/wii\libogc.a(cache_asm.o)
                0x800048b0                DCFlashInvalidate
                0x800048c4                DCEnable
                0x800048d8                DCDisable
                0x800048ec                DCFreeze
                0x80004900                DCUnfreeze
                0x80004914                DCTouchLoad
                0x8000491c                DCBlockZero
                0x80004924                DCBlockStore
                0x8000492c                DCBlockFlush
                0x80004934                DCBlockInvalidate
                0x8000493c                DCInvalidateRange
                0x8000496c                DCFlushRange
                0x800049a0                DCStoreRange
                0x800049d4                DCFlushRangeNoSync
                0x80004a04                DCStoreRangeNoSync
                0x80004a34                DCZeroRange
                0x80004a64                DCTouchRange
                0x80004a94                ICInvalidateRange
                0x80004acc                ICFlashInvalidate
                0x80004ae0                ICEnable
                0x80004af4                ICDisable
                0x80004b08                ICFreeze
                0x80004b1c                ICUnfreeze
                0x80004b30                ICBlockInvalidate
                0x80004b38                ICSync
                0x80004b40                L2Init
                0x80004b88                L2Enable
                0x80004ba4                L2Disable
                0x80004bbc                L2GlobalInvalidate
                0x80004c14                __LCEnable
                0x80004ce0                LCDisable
                0x80004d08                LCAllocOneTag
                0x80004d1c                LCAllocTags
                0x80004d5c                LCLoadBlocks
                0x80004d80                LCStoreBlocks
 .text          0x80004da4      0x4a0 C:/devkitPro/libogc/lib/wii\libogc.a(system_asm.o)
                0x80004da4                __realmode
                0x80004dbc                __configBATS
                0x80004eec                __InitFPRS
                0x80005018                __InitPS
                0x80005074                __InitCache
                0x800050cc                __InitSystem
                0x80005154                __flush_cache
                0x80005188                __reset
                0x800051f8                __InitBATS
                0x80005214                SYS_SwitchFiber
 .text          0x80005244      0x1ac C:/devkitPro/libogc/lib/wii\libogc.a(decrementer_handler.o)
                0x80005244                dec_exceptionhandler
 .text          0x800053f0      0x35c C:/devkitPro/libogc/lib/wii\libogc.a(exception_handler.o)
                0x800053f0                exceptionhandler_start
                0x8000546c                exceptionhandler_patch
                0x800054a0                exceptionhandler_end
                0x800054a4                default_exceptionhandler
                0x800055d4                fpu_exceptionhandler
                0x8000571c                systemcallhandler_start
                0x80005748                systemcallhandler_end
 .text          0x8000574c       0x48 C:/devkitPro/devkitPPC/bin/../lib/gcc/powerpc-eabi/13.1.0\libgcc.a(eabi.o)
                0x8000574c                __eabi
 .text          0x80005794       0x58 C:/devkitPro/devkitPPC/bin/../lib/gcc/powerpc-eabi/13.1.0\libgcc.a(crtresxgpr.o)
                0x80005794                _restgpr_14_x
                0x80005798                _restgpr_15_x
                0x8000579c                _restgpr_16_x
                0x800057a0                _restgpr_17_x
                0x800057a4                _restgpr_18_x
                0x800057a8                _restgpr_19_x
                0x800057ac                _restgpr_20_x
                0x800057b0                _restgpr_21_x
                0x800057b4                _restgpr_22_x
                0x800057b8                _restgpr_23_x
                0x800057bc                _restgpr_24_x
                0x800057c0                _restgpr_25_x
                0x800057c4                _restgpr_26_x
                0x800057c8                _restgpr_27_x
                0x800057cc                _restgpr_28_x
                0x800057d0                _restgpr_29_x
                0x800057d4                _restgpr_30_x
                0x800057d8                _restgpr_31_x
 .text          0x800057ec       0x58 C:/devkitPro/devkitPPC/bin/../lib/gcc/powerpc-eabi/13.1.0\libgcc.a(crtresxfpr.o)
                0x800057ec                _restfpr_14_x
                0x800057f0                _restfpr_15_x
                0x800057f4                _restfpr_16_x
                0x800057f8                _restfpr_17_x
                0x800057fc                _restfpr_18_x
                0x80005800                _restfpr_19_x
                0x80005804                _restfpr_20_x
                0x80005808                _restfpr_21_x
                0x8000580c                _restfpr_22_x
                0x80005810                _restfpr_23_x
                0x80005814                _restfpr_24_x
                0x80005818                _restfpr_25_x
                0x8000581c                _restfpr_26_x
                0x80005820                _restfpr_27_x
                0x80005824                _restfpr_28_x
                0x80005828                _restfpr_29_x
                0x8000582c                _restfpr_30_x
                0x80005830                _restfpr_31_x
 *(.text.*)
 .text.__do_global_dtors_aux
                0x80005844       0xcc C:/devkitPro/devkitPPC/bin/../lib/gcc/powerpc-eabi/13.1.0/crtbegin.o
 .text.frame_dummy
                0x80005910       0x24 C:/devkitPro/devkitPPC/bin/../lib/gcc/powerpc-eabi/13.1.0/crtbegin.o
 .text.__crtmain
                0x80005934       0x44 C:/devkitPro/devkitPPC/bin/../lib/gcc/powerpc-eabi/13.1.0/../../../../powerpc-eabi/lib/crtmain.o
                0x80005938                __crtmain
 .text.transcb  0x80005978       0x10 main.o
                0x80005978                transcb
 .text.acb      0x80005988        0xc main.o
                0x80005988                acb
 .text.printmain
                0x80005994       0x5c main.o
                0x80005994                printmain
 .text.endproc  0x800059f0       0x28 main.o
                0x800059f0                endproc
 .text.fixFName
                0x80005a18       0xfc main.o
                0x80005a18                fixFName
 .text.doreset  0x80005b14       0x78 main.o
                0x80005b14                doreset
 .text.getstatus
                0x80005b8c       0x78 main.o
                0x80005b8c                getstatus
 .text.recv     0x80005c04       0xac main.o
                0x80005c04                recv
 .text.send     0x80005cb0       0xac main.o
                0x80005cb0                send
 .text.createFile
                0x80005d5c       0x6c main.o
                0x80005d5c                createFile
 .text.warnError
                0x80005dc8       0x2c main.o
                0x80005dc8                warnError
 .text.fatalError
                0x80005df4       0x28 main.o
                0x80005df4                fatalError
 .text.startup.main
                0x80005e1c     0x1028 main.o
                0x80005e1c                main
 .text.fatMount
                0x80006e44      0x118 C:/devkitPro/libogc/lib/wii\libfat.a(libfat.o)
                0x80006e44                fatMount
 .text.fatInit  0x80006f5c      0x190 C:/devkitPro/libogc/lib/wii\libfat.a(libfat.o)
                0x80006f5c                fatInit
 .text.fatInitDefault
                0x800070ec        0xc C:/devkitPro/libogc/lib/wii\libfat.a(libfat.o)
                0x800070ec                fatInitDefault
 .text.u8array_to_u16
                0x800070f8       0x14 C:/devkitPro/libogc/lib/wii\libfat.a(directory.o)
 .text._FAT_directory_entryGetAlias
                0x8000710c      0x11c C:/devkitPro/libogc/lib/wii\libfat.a(directory.o)
 .text._FAT_directory_incrementDirEntryPosition
                0x80007228       0xf4 C:/devkitPro/libogc/lib/wii\libfat.a(directory.o)
 .text._FAT_directory_mbsncasecmp
                0x8000731c       0xe8 C:/devkitPro/libogc/lib/wii\libfat.a(directory.o)
 .text._FAT_fat_clusterToSector
                0x80007404       0x28 C:/devkitPro/libogc/lib/wii\libfat.a(directory.o)
 .text._FAT_directory_ucs2tombs.constprop.0
                0x8000742c       0xd8 C:/devkitPro/libogc/lib/wii\libfat.a(directory.o)
 .text._FAT_directory_entryGetCluster
                0x80007504       0x4c C:/devkitPro/libogc/lib/wii\libfat.a(directory.o)
                0x80007504                _FAT_directory_entryGetCluster
 .text._FAT_directory_getNextEntry
                0x80007550      0x2cc C:/devkitPro/libogc/lib/wii\libfat.a(directory.o)
                0x80007550                _FAT_directory_getNextEntry
 .text._FAT_directory_getFirstEntry
                0x8000781c       0x24 C:/devkitPro/libogc/lib/wii\libfat.a(directory.o)
                0x8000781c                _FAT_directory_getFirstEntry
 .text._FAT_directory_entryExists
                0x80007840       0xc8 C:/devkitPro/libogc/lib/wii\libfat.a(directory.o)
 .text._FAT_directory_getRootEntry
                0x80007908       0xa0 C:/devkitPro/libogc/lib/wii\libfat.a(directory.o)
                0x80007908                _FAT_directory_getRootEntry
 .text._FAT_directory_entryFromPosition
                0x800079a8      0x1d0 C:/devkitPro/libogc/lib/wii\libfat.a(directory.o)
                0x800079a8                _FAT_directory_entryFromPosition
 .text._FAT_directory_entryFromPath
                0x80007b78      0x26c C:/devkitPro/libogc/lib/wii\libfat.a(directory.o)
                0x80007b78                _FAT_directory_entryFromPath
 .text._FAT_directory_removeEntry
                0x80007de4      0x100 C:/devkitPro/libogc/lib/wii\libfat.a(directory.o)
                0x80007de4                _FAT_directory_removeEntry
 .text._FAT_directory_addEntry
                0x80007ee4      0x940 C:/devkitPro/libogc/lib/wii\libfat.a(directory.o)
                0x80007ee4                _FAT_directory_addEntry
 .text._FAT_directory_chdir
                0x80008824       0x60 C:/devkitPro/libogc/lib/wii\libfat.a(directory.o)
                0x80008824                _FAT_directory_chdir
 .text._FAT_directory_entryStat
                0x80008884      0x140 C:/devkitPro/libogc/lib/wii\libfat.a(directory.o)
                0x80008884                _FAT_directory_entryStat
 .text._FAT_filetime_getTimeFromRTC
                0x800089c4       0x84 C:/devkitPro/libogc/lib/wii\libfat.a(filetime.o)
                0x800089c4                _FAT_filetime_getTimeFromRTC
 .text._FAT_filetime_getDateFromRTC
                0x80008a48       0x84 C:/devkitPro/libogc/lib/wii\libfat.a(filetime.o)
                0x80008a48                _FAT_filetime_getDateFromRTC
 .text._FAT_filetime_to_time_t
                0x80008acc       0x64 C:/devkitPro/libogc/lib/wii\libfat.a(filetime.o)
                0x80008acc                _FAT_filetime_to_time_t
 .text._FAT_fat_writeFatEntry.isra.0
                0x80008b30      0x1c0 C:/devkitPro/libogc/lib/wii\libfat.a(file_allocation_table.o)
 .text._FAT_fat_nextCluster
                0x80008cf0      0x198 C:/devkitPro/libogc/lib/wii\libfat.a(file_allocation_table.o)
                0x80008cf0                _FAT_fat_nextCluster
 .text._FAT_fat_linkFreeCluster
                0x80008e88       0xe4 C:/devkitPro/libogc/lib/wii\libfat.a(file_allocation_table.o)
                0x80008e88                _FAT_fat_linkFreeCluster
 .text._FAT_fat_linkFreeClusterCleared
                0x80008f6c       0xbc C:/devkitPro/libogc/lib/wii\libfat.a(file_allocation_table.o)
                0x80008f6c                _FAT_fat_linkFreeClusterCleared
 .text._FAT_fat_clearLinks
                0x80009028       0xc4 C:/devkitPro/libogc/lib/wii\libfat.a(file_allocation_table.o)
                0x80009028                _FAT_fat_clearLinks
 .text._FAT_fat_trimChain
                0x800090ec       0xb4 C:/devkitPro/libogc/lib/wii\libfat.a(file_allocation_table.o)
                0x800090ec                _FAT_fat_trimChain
 .text._FAT_fat_lastCluster
                0x800091a0       0x68 C:/devkitPro/libogc/lib/wii\libfat.a(file_allocation_table.o)
                0x800091a0                _FAT_fat_lastCluster
 .text._FAT_fat_freeClusterCount
                0x80009208       0x54 C:/devkitPro/libogc/lib/wii\libfat.a(file_allocation_table.o)
                0x80009208                _FAT_fat_freeClusterCount
 .text.get_io_wiisd
                0x8000925c        0xc C:/devkitPro/libogc/lib/wii\libfat.a(disc.o)
 .text.get_io_usbstorage
                0x80009268        0xc C:/devkitPro/libogc/lib/wii\libfat.a(disc.o)
 .text.get_io_gcsda
                0x80009274        0xc C:/devkitPro/libogc/lib/wii\libfat.a(disc.o)
 .text.get_io_gcsdb
                0x80009280        0xc C:/devkitPro/libogc/lib/wii\libfat.a(disc.o)
 .text._FAT_check_position_for_next_cluster
                0x8000928c      0x110 C:/devkitPro/libogc/lib/wii\libfat.a(fatfile.o)
 .text._FAT_fat_clusterToSector
                0x8000939c       0x28 C:/devkitPro/libogc/lib/wii\libfat.a(fatfile.o)
 .text._FAT_unlock.isra.0
                0x800093c4        0x4 C:/devkitPro/libogc/lib/wii\libfat.a(fatfile.o)
 .text._FAT_lock.isra.0
                0x800093c8        0x4 C:/devkitPro/libogc/lib/wii\libfat.a(fatfile.o)
 .text._FAT_file_extend_r
                0x800093cc      0x288 C:/devkitPro/libogc/lib/wii\libfat.a(fatfile.o)
 .text._FAT_open_r
                0x80009654      0x3b0 C:/devkitPro/libogc/lib/wii\libfat.a(fatfile.o)
                0x80009654                _FAT_open_r
 .text._FAT_syncToDisc
                0x80009a04      0x12c C:/devkitPro/libogc/lib/wii\libfat.a(fatfile.o)
                0x80009a04                _FAT_syncToDisc
 .text._FAT_close_r
                0x80009b30       0xc4 C:/devkitPro/libogc/lib/wii\libfat.a(fatfile.o)
                0x80009b30                _FAT_close_r
 .text._FAT_read_r
                0x80009bf4      0x3c0 C:/devkitPro/libogc/lib/wii\libfat.a(fatfile.o)
                0x80009bf4                _FAT_read_r
 .text._FAT_write_r
                0x80009fb4      0x54c C:/devkitPro/libogc/lib/wii\libfat.a(fatfile.o)
                0x80009fb4                _FAT_write_r
 .text._FAT_seek_r
                0x8000a500      0x1dc C:/devkitPro/libogc/lib/wii\libfat.a(fatfile.o)
                0x8000a500                _FAT_seek_r
 .text._FAT_fstat_r
                0x8000a6dc       0xd8 C:/devkitPro/libogc/lib/wii\libfat.a(fatfile.o)
                0x8000a6dc                _FAT_fstat_r
 .text._FAT_ftruncate_r
                0x8000a7b4      0x1f0 C:/devkitPro/libogc/lib/wii\libfat.a(fatfile.o)
                0x8000a7b4                _FAT_ftruncate_r
 .text._FAT_fsync_r
                0x8000a9a4       0x70 C:/devkitPro/libogc/lib/wii\libfat.a(fatfile.o)
                0x8000a9a4                _FAT_fsync_r
 .text._FAT_cache_getPage
                0x8000aa14      0x158 C:/devkitPro/libogc/lib/wii\libfat.a(cache.o)
 .text._FAT_cache_constructor
                0x8000ab6c       0xd0 C:/devkitPro/libogc/lib/wii\libfat.a(cache.o)
                0x8000ab6c                _FAT_cache_constructor
 .text._FAT_cache_readSectors
                0x8000ac3c       0xa8 C:/devkitPro/libogc/lib/wii\libfat.a(cache.o)
                0x8000ac3c                _FAT_cache_readSectors
 .text._FAT_cache_readPartialSector
                0x8000ace4       0x90 C:/devkitPro/libogc/lib/wii\libfat.a(cache.o)
                0x8000ace4                _FAT_cache_readPartialSector
 .text._FAT_cache_readLittleEndianValue
                0x8000ad74       0x78 C:/devkitPro/libogc/lib/wii\libfat.a(cache.o)
                0x8000ad74                _FAT_cache_readLittleEndianValue
 .text._FAT_cache_writePartialSector
                0x8000adec       0x98 C:/devkitPro/libogc/lib/wii\libfat.a(cache.o)
                0x8000adec                _FAT_cache_writePartialSector
 .text._FAT_cache_writeLittleEndianValue
                0x8000ae84       0x68 C:/devkitPro/libogc/lib/wii\libfat.a(cache.o)
                0x8000ae84                _FAT_cache_writeLittleEndianValue
 .text._FAT_cache_eraseWritePartialSector
                0x8000aeec       0xb0 C:/devkitPro/libogc/lib/wii\libfat.a(cache.o)
                0x8000aeec                _FAT_cache_eraseWritePartialSector
 .text._FAT_cache_writeSectors
                0x8000af9c       0xb0 C:/devkitPro/libogc/lib/wii\libfat.a(cache.o)
                0x8000af9c                _FAT_cache_writeSectors
 .text._FAT_cache_flush
                0x8000b04c       0x90 C:/devkitPro/libogc/lib/wii\libfat.a(cache.o)
                0x8000b04c                _FAT_cache_flush
 .text._FAT_unlock.isra.0
                0x8000b0dc        0x4 C:/devkitPro/libogc/lib/wii\libfat.a(fatdir.o)
 .text._FAT_lock.isra.0
                0x8000b0e0        0x4 C:/devkitPro/libogc/lib/wii\libfat.a(fatdir.o)
 .text._FAT_unlinkCommon
                0x8000b0e4      0x1f4 C:/devkitPro/libogc/lib/wii\libfat.a(fatdir.o)
 .text._FAT_stat_r
                0x8000b2d8       0xc4 C:/devkitPro/libogc/lib/wii\libfat.a(fatdir.o)
                0x8000b2d8                _FAT_stat_r
 .text._FAT_link_r
                0x8000b39c       0x10 C:/devkitPro/libogc/lib/wii\libfat.a(fatdir.o)
                0x8000b39c                _FAT_link_r
 .text._FAT_unlink_r
                0x8000b3ac        0x8 C:/devkitPro/libogc/lib/wii\libfat.a(fatdir.o)
                0x8000b3ac                _FAT_unlink_r
 .text._FAT_chdir_r
                0x8000b3b4       0xa4 C:/devkitPro/libogc/lib/wii\libfat.a(fatdir.o)
                0x8000b3b4                _FAT_chdir_r
 .text._FAT_rename_r
                0x8000b458      0x244 C:/devkitPro/libogc/lib/wii\libfat.a(fatdir.o)
                0x8000b458                _FAT_rename_r
 .text._FAT_mkdir_r
                0x8000b69c      0x2d4 C:/devkitPro/libogc/lib/wii\libfat.a(fatdir.o)
                0x8000b69c                _FAT_mkdir_r
 .text._FAT_rmdir_r
                0x8000b970        0x8 C:/devkitPro/libogc/lib/wii\libfat.a(fatdir.o)
                0x8000b970                _FAT_rmdir_r
 .text._FAT_statvfs_r
                0x8000b978       0xd0 C:/devkitPro/libogc/lib/wii\libfat.a(fatdir.o)
                0x8000b978                _FAT_statvfs_r
 .text._FAT_diropen_r
                0x8000ba48      0x108 C:/devkitPro/libogc/lib/wii\libfat.a(fatdir.o)
                0x8000ba48                _FAT_diropen_r
 .text._FAT_dirreset_r
                0x8000bb50       0x74 C:/devkitPro/libogc/lib/wii\libfat.a(fatdir.o)
                0x8000bb50                _FAT_dirreset_r
 .text._FAT_dirnext_r
                0x8000bbc4       0xc4 C:/devkitPro/libogc/lib/wii\libfat.a(fatdir.o)
                0x8000bbc4                _FAT_dirnext_r
 .text._FAT_dirclose_r
                0x8000bc88       0x40 C:/devkitPro/libogc/lib/wii\libfat.a(fatdir.o)
                0x8000bc88                _FAT_dirclose_r
 .text.u8array_to_u16
                0x8000bcc8       0x14 C:/devkitPro/libogc/lib/wii\libfat.a(partition.o)
 .text.u8array_to_u32
                0x8000bcdc       0x30 C:/devkitPro/libogc/lib/wii\libfat.a(partition.o)
 .text.u32_to_u8array
                0x8000bd0c       0x20 C:/devkitPro/libogc/lib/wii\libfat.a(partition.o)
 .text.isValidMBR
                0x8000bd2c       0x7c C:/devkitPro/libogc/lib/wii\libfat.a(partition.o)
 .text._FAT_disc_readSectors.constprop.0.isra.0
                0x8000bda8       0x10 C:/devkitPro/libogc/lib/wii\libfat.a(partition.o)
 .text._FAT_updateFS_INFO
                0x8000bdb8       0x70 C:/devkitPro/libogc/lib/wii\libfat.a(partition.o)
 .text.FindFirstValidPartition_buf
                0x8000be28      0x150 C:/devkitPro/libogc/lib/wii\libfat.a(partition.o)
                0x8000be28                FindFirstValidPartition_buf
 .text._FAT_partition_getPartitionFromPath
                0x8000bf78       0x2c C:/devkitPro/libogc/lib/wii\libfat.a(partition.o)
                0x8000bf78                _FAT_partition_getPartitionFromPath
 .text._FAT_partition_createFSinfo
                0x8000bfa4       0x9c C:/devkitPro/libogc/lib/wii\libfat.a(partition.o)
                0x8000bfa4                _FAT_partition_createFSinfo
 .text._FAT_partition_readFSinfo
                0x8000c040      0x114 C:/devkitPro/libogc/lib/wii\libfat.a(partition.o)
                0x8000c040                _FAT_partition_readFSinfo
 .text._FAT_partition_constructor_buf
                0x8000c154      0x328 C:/devkitPro/libogc/lib/wii\libfat.a(partition.o)
                0x8000c154                _FAT_partition_constructor_buf
 .text._FAT_partition_constructor
                0x8000c47c       0x68 C:/devkitPro/libogc/lib/wii\libfat.a(partition.o)
                0x8000c47c                _FAT_partition_constructor
 .text.__console_clear_line
                0x8000c4e4       0xb4 C:/devkitPro/libogc/lib/wii\libogc.a(console.o)
 .text.__console_clear
                0x8000c598       0xbc C:/devkitPro/libogc/lib/wii\libogc.a(console.o)
 .text.__console_vipostcb
                0x8000c654       0xfc C:/devkitPro/libogc/lib/wii\libogc.a(console.o)
                0x8000c654                __console_vipostcb
 .text.__console_write
                0x8000c750      0x820 C:/devkitPro/libogc/lib/wii\libogc.a(console.o)
                0x8000c750                __console_write
 .text.__console_init
                0x8000cf70      0x120 C:/devkitPro/libogc/lib/wii\libogc.a(console.o)
                0x8000cf70                __console_init
 .text.__console_init_ex
                0x8000d090      0x12c C:/devkitPro/libogc/lib/wii\libogc.a(console.o)
                0x8000d090                __console_init_ex
 .text.CON_InitEx
                0x8000d1bc       0xb4 C:/devkitPro/libogc/lib/wii\libogc.a(console.o)
                0x8000d1bc                CON_InitEx
 .text.CON_EnableGecko
                0x8000d270      0x100 C:/devkitPro/libogc/lib/wii\libogc.a(console.o)
                0x8000d270                CON_EnableGecko
 .text.__VISendI2CData.constprop.0.isra.0
                0x8000d370      0x450 C:/devkitPro/libogc/lib/wii\libogc.a(video.o)
 .text.__setFbbRegs.constprop.0
                0x8000d7c0      0x190 C:/devkitPro/libogc/lib/wii\libogc.a(video.o)
 .text.__VISetYUVSEL
                0x8000d950       0xb8 C:/devkitPro/libogc/lib/wii\libogc.a(video.o)
 .text.VIDEO_GetCurrentFramebuffer
                0x8000da08        0x8 C:/devkitPro/libogc/lib/wii\libogc.a(video.o)
                0x8000da08                VIDEO_GetCurrentFramebuffer
 .text.VIDEO_Configure
                0x8000da10      0x5ec C:/devkitPro/libogc/lib/wii\libogc.a(video.o)
                0x8000da10                VIDEO_Configure
 .text.VIDEO_WaitVSync
                0x8000dffc       0x74 C:/devkitPro/libogc/lib/wii\libogc.a(video.o)
                0x8000dffc                VIDEO_WaitVSync
 .text.VIDEO_SetFramebuffer
                0x8000e070      0x108 C:/devkitPro/libogc/lib/wii\libogc.a(video.o)
                0x8000e070                VIDEO_SetFramebuffer
 .text.VIDEO_SetNextFramebuffer
                0x8000e178       0x70 C:/devkitPro/libogc/lib/wii\libogc.a(video.o)
                0x8000e178                VIDEO_SetNextFramebuffer
 .text.VIDEO_Flush
                0x8000e1e8       0xf4 C:/devkitPro/libogc/lib/wii\libogc.a(video.o)
                0x8000e1e8                VIDEO_Flush
 .text.VIDEO_SetBlack
                0x8000e2dc      0x15c C:/devkitPro/libogc/lib/wii\libogc.a(video.o)
                0x8000e2dc                VIDEO_SetBlack
 .text.VIDEO_GetCurrentTvMode
                0x8000e438       0x78 C:/devkitPro/libogc/lib/wii\libogc.a(video.o)
                0x8000e438                VIDEO_GetCurrentTvMode
 .text.__VIRetraceHandler
                0x8000e4b0      0x298 C:/devkitPro/libogc/lib/wii\libogc.a(video.o)
 .text.__VISetupEncoder
                0x8000e748      0x2cc C:/devkitPro/libogc/lib/wii\libogc.a(video.o)
 .text.VIDEO_Init
                0x8000ea14      0x4e4 C:/devkitPro/libogc/lib/wii\libogc.a(video.o)
                0x8000ea14                VIDEO_Init
 .text.VIDEO_GetPreferredMode
                0x8000eef8      0x108 C:/devkitPro/libogc/lib/wii\libogc.a(video.o)
                0x8000eef8                VIDEO_GetPreferredMode
 .text.VIDEO_GetCurrentLine
                0x8000f000       0x9c C:/devkitPro/libogc/lib/wii\libogc.a(video.o)
                0x8000f000                VIDEO_GetCurrentLine
 .text.VIDEO_SetPostRetraceCallback
                0x8000f09c       0x40 C:/devkitPro/libogc/lib/wii\libogc.a(video.o)
                0x8000f09c                VIDEO_SetPostRetraceCallback
 .text.VIDEO_GetFrameBufferSize
                0x8000f0dc       0x34 C:/devkitPro/libogc/lib/wii\libogc.a(video.o)
                0x8000f0dc                VIDEO_GetFrameBufferSize
 .text.VIDEO_ClearFrameBuffer
                0x8000f110       0x3c C:/devkitPro/libogc/lib/wii\libogc.a(video.o)
                0x8000f110                VIDEO_ClearFrameBuffer
 .text.SPEC1_MakeStatus
                0x8000f14c      0x104 C:/devkitPro/libogc/lib/wii\libogc.a(pad.o)
 .text.__pad_samplinghandler
                0x8000f250        0x4 C:/devkitPro/libogc/lib/wii\libogc.a(pad.o)
 .text.__pad_doreset
                0x8000f254       0x50 C:/devkitPro/libogc/lib/wii\libogc.a(pad.o)
 .text.__pad_updateorigin
                0x8000f2a4       0xa4 C:/devkitPro/libogc/lib/wii\libogc.a(pad.o)
 .text.__pad_disable
                0x8000f348       0xbc C:/devkitPro/libogc/lib/wii\libogc.a(pad.o)
 .text.__pad_receivecheckcallback
                0x8000f404       0x84 C:/devkitPro/libogc/lib/wii\libogc.a(pad.o)
 .text.__pad_typeandstatuscallback
                0x8000f488      0x1ac C:/devkitPro/libogc/lib/wii\libogc.a(pad.o)
 .text.__pad_originupdatecallback
                0x8000f634       0x2c C:/devkitPro/libogc/lib/wii\libogc.a(pad.o)
 .text.__pad_onreset
                0x8000f660      0x108 C:/devkitPro/libogc/lib/wii\libogc.a(pad.o)
 .text.SPEC2_MakeStatus
                0x8000f768      0x214 C:/devkitPro/libogc/lib/wii\libogc.a(pad.o)
 .text.__pad_origincallback
                0x8000f97c       0x74 C:/devkitPro/libogc/lib/wii\libogc.a(pad.o)
 .text.__pad_probecallback
                0x8000f9f0       0x88 C:/devkitPro/libogc/lib/wii\libogc.a(pad.o)
 .text.__PADDisableRecalibration
                0x8000fa78       0x64 C:/devkitPro/libogc/lib/wii\libogc.a(pad.o)
                0x8000fa78                __PADDisableRecalibration
 .text.PAD_Reset
                0x8000fadc       0xf0 C:/devkitPro/libogc/lib/wii\libogc.a(pad.o)
                0x8000fadc                PAD_Reset
 .text.PAD_Read
                0x8000fbcc      0x2d4 C:/devkitPro/libogc/lib/wii\libogc.a(pad.o)
                0x8000fbcc                PAD_Read
 .text.PAD_Init
                0x8000fea0       0xf8 C:/devkitPro/libogc/lib/wii\libogc.a(pad.o)
                0x8000fea0                PAD_Init
 .text.PAD_ScanPads
                0x8000ff98      0x15c C:/devkitPro/libogc/lib/wii\libogc.a(pad.o)
                0x8000ff98                PAD_ScanPads
 .text.PAD_ButtonsDown
                0x800100f4       0x40 C:/devkitPro/libogc/lib/wii\libogc.a(pad.o)
                0x800100f4                PAD_ButtonsDown
 .text.PAD_ButtonsHeld
                0x80010134       0x40 C:/devkitPro/libogc/lib/wii\libogc.a(pad.o)
                0x80010134                PAD_ButtonsHeld
 .text.__lwp_mutex_locksupp.constprop.0
                0x80010174      0x2a8 C:/devkitPro/libogc/lib/wii\libogc.a(mutex.o)
 .text.__lwp_mutex_init
                0x8001041c       0x14 C:/devkitPro/libogc/lib/wii\libogc.a(mutex.o)
                0x8001041c                __lwp_mutex_init
 .text.LWP_MutexInit
                0x80010430      0x100 C:/devkitPro/libogc/lib/wii\libogc.a(mutex.o)
                0x80010430                LWP_MutexInit
 .text.LWP_MutexDestroy
                0x80010530       0xf0 C:/devkitPro/libogc/lib/wii\libogc.a(mutex.o)
                0x80010530                LWP_MutexDestroy
 .text.LWP_MutexLock
                0x80010620        0x8 C:/devkitPro/libogc/lib/wii\libogc.a(mutex.o)
                0x80010620                LWP_MutexLock
 .text.LWP_MutexUnlock
                0x80010628       0x9c C:/devkitPro/libogc/lib/wii\libogc.a(mutex.o)
                0x80010628                LWP_MutexUnlock
 .text.__call_resetfuncs
                0x800106c4       0xbc C:/devkitPro/libogc/lib/wii\libogc.a(system.o)
 .text.__MEMInterruptHandler
                0x80010780       0x14 C:/devkitPro/libogc/lib/wii\libogc.a(system.o)
 .text.__RSWDefaultHandler
                0x80010794        0x4 C:/devkitPro/libogc/lib/wii\libogc.a(system.o)
 .text.__POWDefaultHandler
                0x80010798        0x4 C:/devkitPro/libogc/lib/wii\libogc.a(system.o)
 .text.__STMEventHandler
                0x8001079c      0x104 C:/devkitPro/libogc/lib/wii\libogc.a(system.o)
 .text.__getrtc
                0x800108a0      0x13c C:/devkitPro/libogc/lib/wii\libogc.a(system.o)
 .text.__sram_write
                0x800109dc      0x130 C:/devkitPro/libogc/lib/wii\libogc.a(system.o)
 .text.__sram_writecallback
                0x80010b0c       0x54 C:/devkitPro/libogc/lib/wii\libogc.a(system.o)
 .text.__mem_onreset
                0x80010b60       0x48 C:/devkitPro/libogc/lib/wii\libogc.a(system.o)
 .text.__unlocksram
                0x80010ba8      0x174 C:/devkitPro/libogc/lib/wii\libogc.a(system.o)
 .text.__sys_alarmhandler
                0x80010d1c      0x154 C:/devkitPro/libogc/lib/wii\libogc.a(system.o)
 .text.__syscall_malloc_lock
                0x80010e70        0x4 C:/devkitPro/libogc/lib/wii\libogc.a(system.o)
                0x80010e70                __syscall_malloc_lock
 .text.__syscall_malloc_unlock
                0x80010e74        0x4 C:/devkitPro/libogc/lib/wii\libogc.a(system.o)
                0x80010e74                __syscall_malloc_unlock
 .text.__syscall_gettod_r
                0x80010e78        0x4 C:/devkitPro/libogc/lib/wii\libogc.a(system.o)
                0x80010e78                __syscall_gettod_r
 .text.__syscall_nanosleep
                0x80010e7c        0x4 C:/devkitPro/libogc/lib/wii\libogc.a(system.o)
                0x80010e7c                __syscall_nanosleep
 .text.__SYS_GetRTC
                0x80010e80       0xa0 C:/devkitPro/libogc/lib/wii\libogc.a(system.o)
                0x80010e80                __SYS_GetRTC
 .text.__SYS_SetBootTime
                0x80010f20      0x108 C:/devkitPro/libogc/lib/wii\libogc.a(system.o)
                0x80010f20                __SYS_SetBootTime
 .text.__SYS_GetIPCBufferLo
                0x80011028        0x8 C:/devkitPro/libogc/lib/wii\libogc.a(system.o)
                0x80011028                __SYS_GetIPCBufferLo
 .text.__SYS_GetIPCBufferHi
                0x80011030        0x8 C:/devkitPro/libogc/lib/wii\libogc.a(system.o)
                0x80011030                __SYS_GetIPCBufferHi
 .text.__SYS_PreInit
                0x80011038        0x4 C:/devkitPro/libogc/lib/wii\libogc.a(system.o)
                0x80011038                __SYS_PreInit
 .text.SYS_PreMain
                0x8001103c       0x7c C:/devkitPro/libogc/lib/wii\libogc.a(system.o)
                0x8001103c                SYS_PreMain
 .text.SYS_ResetButtonDown
                0x800110b8       0x18 C:/devkitPro/libogc/lib/wii\libogc.a(system.o)
                0x800110b8                SYS_ResetButtonDown
 .text.SYS_ResetSystem
                0x800110d0      0x210 C:/devkitPro/libogc/lib/wii\libogc.a(system.o)
                0x800110d0                SYS_ResetSystem
 .text.__reload
                0x800112e0       0x80 C:/devkitPro/libogc/lib/wii\libogc.a(system.o)
                0x800112e0                __reload
 .text.__syscall_exit
                0x80011360       0x88 C:/devkitPro/libogc/lib/wii\libogc.a(system.o)
                0x80011360                __syscall_exit
 .text.SYS_RegisterResetFunc
                0x800113e8       0x78 C:/devkitPro/libogc/lib/wii\libogc.a(system.o)
                0x800113e8                SYS_RegisterResetFunc
 .text.SYS_SetArena1Lo
                0x80011460       0x38 C:/devkitPro/libogc/lib/wii\libogc.a(system.o)
                0x80011460                SYS_SetArena1Lo
 .text.SYS_GetArena1Lo
                0x80011498       0x38 C:/devkitPro/libogc/lib/wii\libogc.a(system.o)
                0x80011498                SYS_GetArena1Lo
 .text.SYS_GetArena1Hi
                0x800114d0       0x38 C:/devkitPro/libogc/lib/wii\libogc.a(system.o)
                0x800114d0                SYS_GetArena1Hi
 .text.SYS_SetArena2Lo
                0x80011508       0x38 C:/devkitPro/libogc/lib/wii\libogc.a(system.o)
                0x80011508                SYS_SetArena2Lo
 .text.SYS_GetArena2Lo
                0x80011540       0x38 C:/devkitPro/libogc/lib/wii\libogc.a(system.o)
                0x80011540                SYS_GetArena2Lo
 .text.SYS_SetArena2Hi
                0x80011578       0x38 C:/devkitPro/libogc/lib/wii\libogc.a(system.o)
                0x80011578                SYS_SetArena2Hi
 .text.SYS_GetArena2Hi
                0x800115b0       0x38 C:/devkitPro/libogc/lib/wii\libogc.a(system.o)
                0x800115b0                SYS_GetArena2Hi
 .text.SYS_AllocateFramebuffer
                0x800115e8       0x28 C:/devkitPro/libogc/lib/wii\libogc.a(system.o)
                0x800115e8                SYS_AllocateFramebuffer
 .text.SYS_CreateAlarm
                0x80011610       0xf0 C:/devkitPro/libogc/lib/wii\libogc.a(system.o)
                0x80011610                SYS_CreateAlarm
 .text.SYS_SetAlarm
                0x80011700      0x1e0 C:/devkitPro/libogc/lib/wii\libogc.a(system.o)
                0x80011700                SYS_SetAlarm
 .text.SYS_RemoveAlarm
                0x800118e0      0x10c C:/devkitPro/libogc/lib/wii\libogc.a(system.o)
                0x800118e0                SYS_RemoveAlarm
 .text.SYS_CancelAlarm
                0x800119ec       0xbc C:/devkitPro/libogc/lib/wii\libogc.a(system.o)
                0x800119ec                SYS_CancelAlarm
 .text.SYS_GetWirelessID
                0x80011aa8       0x94 C:/devkitPro/libogc/lib/wii\libogc.a(system.o)
                0x80011aa8                SYS_GetWirelessID
 .text.SYS_SetWirelessID
                0x80011b3c       0x90 C:/devkitPro/libogc/lib/wii\libogc.a(system.o)
                0x80011b3c                SYS_SetWirelessID
 .text.SYS_SetGBSMode
                0x80011bcc       0xa8 C:/devkitPro/libogc/lib/wii\libogc.a(system.o)
                0x80011bcc                SYS_SetGBSMode
 .text.__sram_init
                0x80011c74      0x1b8 C:/devkitPro/libogc/lib/wii\libogc.a(system.o)
                0x80011c74                __sram_init
 .text.SYS_Init
                0x80011e2c      0x5e8 C:/devkitPro/libogc/lib/wii\libogc.a(system.o)
                0x80011e2c                SYS_Init
 .text.SYS_GetHollywoodRevision
                0x80012414       0x3c C:/devkitPro/libogc/lib/wii\libogc.a(system.o)
                0x80012414                SYS_GetHollywoodRevision
 .text.SYS_Time
                0x80012450       0x78 C:/devkitPro/libogc/lib/wii\libogc.a(system.o)
                0x80012450                SYS_Time
 .text.__lwp_cond_init
                0x800124c8       0x14 C:/devkitPro/libogc/lib/wii\libogc.a(cond.o)
                0x800124c8                __lwp_cond_init
 .text.__decrementer_init
                0x800124dc        0x4 C:/devkitPro/libogc/lib/wii\libogc.a(decrementer.o)
                0x800124dc                __decrementer_init
 .text.c_decrementer_handler
                0x800124e0        0xc C:/devkitPro/libogc/lib/wii\libogc.a(decrementer.o)
                0x800124e0                c_decrementer_handler
 .text.__lwp_mqbox_init
                0x800124ec       0x14 C:/devkitPro/libogc/lib/wii\libogc.a(message.o)
                0x800124ec                __lwp_mqbox_init
 .text.__si_transfer
                0x80012500      0x1a4 C:/devkitPro/libogc/lib/wii\libogc.a(si.o)
 .text.__si_alarmhandler
                0x800126a4       0xdc C:/devkitPro/libogc/lib/wii\libogc.a(si.o)
 .text.__si_completetransfer
                0x80012780      0x1fc C:/devkitPro/libogc/lib/wii\libogc.a(si.o)
 .text.__si_transfernext
                0x8001297c       0xe0 C:/devkitPro/libogc/lib/wii\libogc.a(si.o)
 .text.SI_Busy  0x80012a5c       0x18 C:/devkitPro/libogc/lib/wii\libogc.a(si.o)
                0x80012a5c                SI_Busy
 .text.SI_IsChanBusy
                0x80012a74       0x38 C:/devkitPro/libogc/lib/wii\libogc.a(si.o)
                0x80012a74                SI_IsChanBusy
 .text.SI_SetXY
                0x80012aac       0x64 C:/devkitPro/libogc/lib/wii\libogc.a(si.o)
                0x80012aac                SI_SetXY
 .text.SI_EnablePolling
                0x80012b10       0x80 C:/devkitPro/libogc/lib/wii\libogc.a(si.o)
                0x80012b10                SI_EnablePolling
 .text.SI_DisablePolling
                0x80012b90       0x58 C:/devkitPro/libogc/lib/wii\libogc.a(si.o)
                0x80012b90                SI_DisablePolling
 .text.SI_SetSamplingRate
                0x80012be8       0xd8 C:/devkitPro/libogc/lib/wii\libogc.a(si.o)
                0x80012be8                SI_SetSamplingRate
 .text.SI_RefreshSamplingRate
                0x80012cc0        0x8 C:/devkitPro/libogc/lib/wii\libogc.a(si.o)
                0x80012cc0                SI_RefreshSamplingRate
 .text.SI_GetStatus
                0x80012cc8       0x78 C:/devkitPro/libogc/lib/wii\libogc.a(si.o)
                0x80012cc8                SI_GetStatus
 .text.SI_GetResponseRaw
                0x80012d40       0xe8 C:/devkitPro/libogc/lib/wii\libogc.a(si.o)
                0x80012d40                SI_GetResponseRaw
 .text.SI_GetResponse
                0x80012e28       0xb8 C:/devkitPro/libogc/lib/wii\libogc.a(si.o)
                0x80012e28                SI_GetResponse
 .text.SI_SetCommand
                0x80012ee0       0x10 C:/devkitPro/libogc/lib/wii\libogc.a(si.o)
                0x80012ee0                SI_SetCommand
 .text.SI_Transfer
                0x80012ef0      0x26c C:/devkitPro/libogc/lib/wii\libogc.a(si.o)
                0x80012ef0                SI_Transfer
 .text.__si_gettypecallback
                0x8001315c      0x2c0 C:/devkitPro/libogc/lib/wii\libogc.a(si.o)
 .text.__si_interrupthandler
                0x8001341c      0x268 C:/devkitPro/libogc/lib/wii\libogc.a(si.o)
 .text.SI_GetType
                0x80013684      0x1f4 C:/devkitPro/libogc/lib/wii\libogc.a(si.o)
                0x80013684                SI_GetType
 .text.SI_GetTypeAsync
                0x80013878      0x138 C:/devkitPro/libogc/lib/wii\libogc.a(si.o)
                0x80013878                SI_GetTypeAsync
 .text.SI_EnablePollingInterrupt
                0x800139b0       0x8c C:/devkitPro/libogc/lib/wii\libogc.a(si.o)
                0x800139b0                SI_EnablePollingInterrupt
 .text.SI_UnregisterPollingHandler
                0x80013a3c       0xe0 C:/devkitPro/libogc/lib/wii\libogc.a(si.o)
                0x80013a3c                SI_UnregisterPollingHandler
 .text.__si_init
                0x80013b1c       0xe8 C:/devkitPro/libogc/lib/wii\libogc.a(si.o)
                0x80013b1c                __si_init
 .text.__ipc_sendrequest
                0x80013c04      0x104 C:/devkitPro/libogc/lib/wii\libogc.a(ipc.o)
 .text.__ipc_syncrequest
                0x80013d08       0xe4 C:/devkitPro/libogc/lib/wii\libogc.a(ipc.o)
 .text.__ioctlvfmtCB
                0x80013dec      0x158 C:/devkitPro/libogc/lib/wii\libogc.a(ipc.o)
 .text.__ios_ioctlvformat_parse
                0x80013f44      0x820 C:/devkitPro/libogc/lib/wii\libogc.a(ipc.o)
 .text.__ipc_asyncrequest
                0x80014764      0x13c C:/devkitPro/libogc/lib/wii\libogc.a(ipc.o)
 .text.__ipc_interrupthandler
                0x800148a0      0x34c C:/devkitPro/libogc/lib/wii\libogc.a(ipc.o)
 .text.iosCreateHeap
                0x80014bec      0x130 C:/devkitPro/libogc/lib/wii\libogc.a(ipc.o)
                0x80014bec                iosCreateHeap
 .text.iosAlloc
                0x80014d1c       0x30 C:/devkitPro/libogc/lib/wii\libogc.a(ipc.o)
                0x80014d1c                iosAlloc
 .text.iosFree  0x80014d4c       0x28 C:/devkitPro/libogc/lib/wii\libogc.a(ipc.o)
                0x80014d4c                iosFree
 .text.__IPC_ClntInit
                0x80014d74       0xc8 C:/devkitPro/libogc/lib/wii\libogc.a(ipc.o)
                0x80014d74                __IPC_ClntInit
 .text.IOS_Open
                0x80014e3c      0x110 C:/devkitPro/libogc/lib/wii\libogc.a(ipc.o)
                0x80014e3c                IOS_Open
 .text.IOS_Close
                0x80014f4c       0xf0 C:/devkitPro/libogc/lib/wii\libogc.a(ipc.o)
                0x80014f4c                IOS_Close
 .text.IOS_Read
                0x8001503c      0x10c C:/devkitPro/libogc/lib/wii\libogc.a(ipc.o)
                0x8001503c                IOS_Read
 .text.IOS_Write
                0x80015148      0x10c C:/devkitPro/libogc/lib/wii\libogc.a(ipc.o)
                0x80015148                IOS_Write
 .text.IOS_Ioctl
                0x80015254      0x158 C:/devkitPro/libogc/lib/wii\libogc.a(ipc.o)
                0x80015254                IOS_Ioctl
 .text.IOS_IoctlAsync
                0x800153ac      0x148 C:/devkitPro/libogc/lib/wii\libogc.a(ipc.o)
                0x800153ac                IOS_IoctlAsync
 .text.IOS_Ioctlv
                0x800154f4      0x1f0 C:/devkitPro/libogc/lib/wii\libogc.a(ipc.o)
                0x800154f4                IOS_Ioctlv
 .text.IOS_IoctlvAsync
                0x800156e4      0x1d4 C:/devkitPro/libogc/lib/wii\libogc.a(ipc.o)
                0x800156e4                IOS_IoctlvAsync
 .text.IOS_IoctlvFormat
                0x800158b8      0x16c C:/devkitPro/libogc/lib/wii\libogc.a(ipc.o)
                0x800158b8                IOS_IoctlvFormat
 .text.IOS_IoctlvReboot
                0x80015a24      0x1f4 C:/devkitPro/libogc/lib/wii\libogc.a(ipc.o)
                0x80015a24                IOS_IoctlvReboot
 .text.gettick  0x80015c18        0x8 C:/devkitPro/libogc/lib/wii\libogc.a(timesupp.o)
                0x80015c18                gettick
 .text.gettime  0x80015c20       0x18 C:/devkitPro/libogc/lib/wii\libogc.a(timesupp.o)
                0x80015c20                gettime
 .text.settime  0x80015c38       0x14 C:/devkitPro/libogc/lib/wii\libogc.a(timesupp.o)
                0x80015c38                settime
 .text.diff_usec
                0x80015c4c       0x88 C:/devkitPro/libogc/lib/wii\libogc.a(timesupp.o)
                0x80015c4c                diff_usec
 .text.__timesystem_init
                0x80015cd4       0x1c C:/devkitPro/libogc/lib/wii\libogc.a(timesupp.o)
                0x80015cd4                __timesystem_init
 .text.udelay   0x80015cf0       0xac C:/devkitPro/libogc/lib/wii\libogc.a(timesupp.o)
                0x80015cf0                udelay
 .text.__libogc_nanosleep
                0x80015d9c      0x144 C:/devkitPro/libogc/lib/wii\libogc.a(timesupp.o)
                0x80015d9c                __libogc_nanosleep
 .text.__libogc_gettod_r
                0x80015ee0       0xd4 C:/devkitPro/libogc/lib/wii\libogc.a(timesupp.o)
                0x80015ee0                __libogc_gettod_r
 .text.__syscall_lock_init
                0x80015fb4       0x6c C:/devkitPro/libogc/lib/wii\libogc.a(lock_supp.o)
                0x80015fb4                __syscall_lock_init
 .text.__syscall_lock_init_recursive
                0x80016020       0x6c C:/devkitPro/libogc/lib/wii\libogc.a(lock_supp.o)
                0x80016020                __syscall_lock_init_recursive
 .text.__syscall_lock_close
                0x8001608c       0x68 C:/devkitPro/libogc/lib/wii\libogc.a(lock_supp.o)
                0x8001608c                __syscall_lock_close
 .text.__syscall_lock_acquire
                0x800160f4       0x18 C:/devkitPro/libogc/lib/wii\libogc.a(lock_supp.o)
                0x800160f4                __syscall_lock_acquire
 .text.__syscall_lock_release
                0x8001610c       0x18 C:/devkitPro/libogc/lib/wii\libogc.a(lock_supp.o)
                0x8001610c                __syscall_lock_release
 .text.__usbgecko_exi_unlock
                0x80016124       0x34 C:/devkitPro/libogc/lib/wii\libogc.a(usbgecko.o)
 .text.usb_isgeckoalive
                0x80016158      0x1bc C:/devkitPro/libogc/lib/wii\libogc.a(usbgecko.o)
                0x80016158                usb_isgeckoalive
 .text.usb_sendbuffer_ex
                0x80016314      0x214 C:/devkitPro/libogc/lib/wii\libogc.a(usbgecko.o)
                0x80016314                usb_sendbuffer_ex
 .text.usb_sendbuffer
                0x80016528        0x8 C:/devkitPro/libogc/lib/wii\libogc.a(usbgecko.o)
                0x80016528                usb_sendbuffer
 .text.usb_sendbuffer_safe_ex
                0x80016530      0x2a8 C:/devkitPro/libogc/lib/wii\libogc.a(usbgecko.o)
                0x80016530                usb_sendbuffer_safe_ex
 .text.usb_sendbuffer_safe
                0x800167d8        0x8 C:/devkitPro/libogc/lib/wii\libogc.a(usbgecko.o)
                0x800167d8                usb_sendbuffer_safe
 .text._sbrk_r  0x800167e0      0x28c C:/devkitPro/libogc/lib/wii\libogc.a(sbrk.o)
                0x800167e0                _sbrk_r
 .text.__memlock_init
                0x80016a6c       0x7c C:/devkitPro/libogc/lib/wii\libogc.a(malloc_lock.o)
                0x80016a6c                __memlock_init
 .text.__libogc_malloc_lock
                0x80016ae8      0x1fc C:/devkitPro/libogc/lib/wii\libogc.a(malloc_lock.o)
                0x80016ae8                __libogc_malloc_lock
 .text.__libogc_malloc_unlock
                0x80016ce4       0x64 C:/devkitPro/libogc/lib/wii\libogc.a(malloc_lock.o)
                0x80016ce4                __libogc_malloc_unlock
 .text.__STM_SetEventHook
                0x80016d48       0xb0 C:/devkitPro/libogc/lib/wii\libogc.a(stm.o)
                0x80016d48                __STM_SetEventHook
 .text.__STM_Init
                0x80016df8       0x8c C:/devkitPro/libogc/lib/wii\libogc.a(stm.o)
                0x80016df8                __STM_Init
 .text.__STMEventHandler
                0x80016e84       0x64 C:/devkitPro/libogc/lib/wii\libogc.a(stm.o)
 .text.__STM_ReleaseEventHook
                0x80016ee8       0x80 C:/devkitPro/libogc/lib/wii\libogc.a(stm.o)
                0x80016ee8                __STM_ReleaseEventHook
 .text.__STM_Close
                0x80016f68       0xac C:/devkitPro/libogc/lib/wii\libogc.a(stm.o)
                0x80016f68                __STM_Close
 .text.STM_RegisterEventHandler
                0x80017014       0x10 C:/devkitPro/libogc/lib/wii\libogc.a(stm.o)
                0x80017014                STM_RegisterEventHandler
 .text.STM_ShutdownToStandby
                0x80017024       0x50 C:/devkitPro/libogc/lib/wii\libogc.a(stm.o)
                0x80017024                STM_ShutdownToStandby
 .text.STM_ShutdownToIdle
                0x80017074       0x70 C:/devkitPro/libogc/lib/wii\libogc.a(stm.o)
                0x80017074                STM_ShutdownToIdle
 .text.STM_SetLedMode
                0x800170e4       0x40 C:/devkitPro/libogc/lib/wii\libogc.a(stm.o)
                0x800170e4                STM_SetLedMode
 .text.STM_RebootSystem
                0x80017124       0x50 C:/devkitPro/libogc/lib/wii\libogc.a(stm.o)
                0x80017124                STM_RebootSystem
 .text.__IOS_InitializeSubsystems
                0x80017174       0x44 C:/devkitPro/libogc/lib/wii\libogc.a(ios.o)
                0x80017174                __IOS_InitializeSubsystems
 .text.__IOS_ShutdownSubsystems
                0x800171b8       0x44 C:/devkitPro/libogc/lib/wii\libogc.a(ios.o)
                0x800171b8                __IOS_ShutdownSubsystems
 .text.__IOS_LoadStartupIOS
                0x800171fc        0x8 C:/devkitPro/libogc/lib/wii\libogc.a(ios.o)
                0x800171fc                __IOS_LoadStartupIOS
 .text._ES_fstat_r
                0x80017204      0x120 C:/devkitPro/libogc/lib/wii\libogc.a(es.o)
 .text._ES_seek_r
                0x80017324       0xdc C:/devkitPro/libogc/lib/wii\libogc.a(es.o)
 .text._ES_close_r
                0x80017400       0xac C:/devkitPro/libogc/lib/wii\libogc.a(es.o)
 .text.__ES_Init
                0x800174ac       0x78 C:/devkitPro/libogc/lib/wii\libogc.a(es.o)
                0x800174ac                __ES_Init
 .text.__ES_Close
                0x80017524       0x54 C:/devkitPro/libogc/lib/wii\libogc.a(es.o)
                0x80017524                __ES_Close
 .text.ES_GetTitleID
                0x80017578       0x94 C:/devkitPro/libogc/lib/wii\libogc.a(es.o)
                0x80017578                ES_GetTitleID
 .text.ES_LaunchTitle
                0x8001760c       0xa4 C:/devkitPro/libogc/lib/wii\libogc.a(es.o)
                0x8001760c                ES_LaunchTitle
 .text.ES_GetNumTicketViews
                0x800176b0       0x98 C:/devkitPro/libogc/lib/wii\libogc.a(es.o)
                0x800176b0                ES_GetNumTicketViews
 .text.ES_GetTicketViews
                0x80017748       0x8c C:/devkitPro/libogc/lib/wii\libogc.a(es.o)
                0x80017748                ES_GetTicketViews
 .text.ES_GetStoredTMD
                0x800177d4       0x90 C:/devkitPro/libogc/lib/wii\libogc.a(es.o)
                0x800177d4                ES_GetStoredTMD
 .text._ES_decodepath
                0x80017864      0x440 C:/devkitPro/libogc/lib/wii\libogc.a(es.o)
 .text._ES_stat_r
                0x80017ca4       0xf4 C:/devkitPro/libogc/lib/wii\libogc.a(es.o)
 .text._ES_open_r
                0x80017d98      0x1d0 C:/devkitPro/libogc/lib/wii\libogc.a(es.o)
 .text.ES_ReadContent
                0x80017f68       0x6c C:/devkitPro/libogc/lib/wii\libogc.a(es.o)
                0x80017f68                ES_ReadContent
 .text._ES_read_r
                0x80017fd4      0x17c C:/devkitPro/libogc/lib/wii\libogc.a(es.o)
 .text.__gcsda_clearStatus
                0x80018150        0x8 C:/devkitPro/libogc/lib/wii\libogc.a(gcsd.o)
 .text.__gcsda_shutdown
                0x80018158       0x28 C:/devkitPro/libogc/lib/wii\libogc.a(gcsd.o)
 .text.__gcsdb_shutdown
                0x80018180       0x28 C:/devkitPro/libogc/lib/wii\libogc.a(gcsd.o)
 .text.__gcsda_writeSectors
                0x800181a8       0x3c C:/devkitPro/libogc/lib/wii\libogc.a(gcsd.o)
 .text.__gcsdb_writeSectors
                0x800181e4       0x3c C:/devkitPro/libogc/lib/wii\libogc.a(gcsd.o)
 .text.__gcsda_readSectors
                0x80018220       0x3c C:/devkitPro/libogc/lib/wii\libogc.a(gcsd.o)
 .text.__gcsdb_readSectors
                0x8001825c       0x3c C:/devkitPro/libogc/lib/wii\libogc.a(gcsd.o)
 .text.__gcsda_isInserted
                0x80018298       0x2c C:/devkitPro/libogc/lib/wii\libogc.a(gcsd.o)
 .text.__gcsdb_isInserted
                0x800182c4       0x2c C:/devkitPro/libogc/lib/wii\libogc.a(gcsd.o)
 .text.__gcsdb_startup
                0x800182f0       0x68 C:/devkitPro/libogc/lib/wii\libogc.a(gcsd.o)
 .text.__gcsdb_clearStatus
                0x80018358        0x8 C:/devkitPro/libogc/lib/wii\libogc.a(gcsd.o)
 .text.__gcsda_startup
                0x80018360       0x68 C:/devkitPro/libogc/lib/wii\libogc.a(gcsd.o)
 .text.__CheckARGV
                0x800183c8       0x80 C:/devkitPro/libogc/lib/wii\libogc.a(argv.o)
                0x800183c8                __CheckARGV
 .text.sdio_ClearStatus
                0x80018448        0x8 C:/devkitPro/libogc/lib/wii\libogc.a(wiisd.o)
 .text.__sdio_sendcommand
                0x80018450      0x118 C:/devkitPro/libogc/lib/wii\libogc.a(wiisd.o)
 .text.__sdio_waithcr
                0x80018568      0x148 C:/devkitPro/libogc/lib/wii\libogc.a(wiisd.o)
 .text.sdio_IsInserted
                0x800186b0       0x58 C:/devkitPro/libogc/lib/wii\libogc.a(wiisd.o)
 .text.sdio_Shutdown
                0x80018708       0x80 C:/devkitPro/libogc/lib/wii\libogc.a(wiisd.o)
 .text.sdio_WriteSectors
                0x80018788      0x1d4 C:/devkitPro/libogc/lib/wii\libogc.a(wiisd.o)
 .text.sdio_ReadSectors
                0x8001895c      0x1d4 C:/devkitPro/libogc/lib/wii\libogc.a(wiisd.o)
 .text.__sd0_deselect.isra.0
                0x80018b30       0xdc C:/devkitPro/libogc/lib/wii\libogc.a(wiisd.o)
 .text.sdio_Startup
                0x80018c0c      0x854 C:/devkitPro/libogc/lib/wii\libogc.a(wiisd.o)
 .text.CONF_Init
                0x80019460      0x184 C:/devkitPro/libogc/lib/wii\libogc.a(conf.o)
                0x80019460                CONF_Init
 .text.__CONF_GetTxt
                0x800195e4      0x208 C:/devkitPro/libogc/lib/wii\libogc.a(conf.o)
                0x800195e4                __CONF_GetTxt
 .text.__CONF_Find
                0x800197ec       0xfc C:/devkitPro/libogc/lib/wii\libogc.a(conf.o)
                0x800197ec                __CONF_Find
 .text.CONF_GetLength
                0x800198e8      0x12c C:/devkitPro/libogc/lib/wii\libogc.a(conf.o)
                0x800198e8                CONF_GetLength
 .text.CONF_Get
                0x80019a14      0x140 C:/devkitPro/libogc/lib/wii\libogc.a(conf.o)
                0x80019a14                CONF_Get
 .text.CONF_GetShutdownMode
                0x80019b54       0x54 C:/devkitPro/libogc/lib/wii\libogc.a(conf.o)
                0x80019b54                CONF_GetShutdownMode
 .text.CONF_GetIdleLedMode
                0x80019ba8       0x54 C:/devkitPro/libogc/lib/wii\libogc.a(conf.o)
                0x80019ba8                CONF_GetIdleLedMode
 .text.CONF_GetProgressiveScan
                0x80019bfc       0x54 C:/devkitPro/libogc/lib/wii\libogc.a(conf.o)
                0x80019bfc                CONF_GetProgressiveScan
 .text.CONF_GetEuRGB60
                0x80019c50       0x54 C:/devkitPro/libogc/lib/wii\libogc.a(conf.o)
                0x80019c50                CONF_GetEuRGB60
 .text.CONF_GetCounterBias
                0x80019ca4       0x4c C:/devkitPro/libogc/lib/wii\libogc.a(conf.o)
                0x80019ca4                CONF_GetCounterBias
 .text.CONF_GetDisplayOffsetH
                0x80019cf0       0x4c C:/devkitPro/libogc/lib/wii\libogc.a(conf.o)
                0x80019cf0                CONF_GetDisplayOffsetH
 .text.CONF_GetVideo
                0x80019d3c       0x88 C:/devkitPro/libogc/lib/wii\libogc.a(conf.o)
                0x80019d3c                CONF_GetVideo
 .text.__usb_deviceremoved_cb
                0x80019dc4       0x10 C:/devkitPro/libogc/lib/wii\libogc.a(usbstorage.o)
 .text.__usbstorage_ClearStatus
                0x80019dd4        0x8 C:/devkitPro/libogc/lib/wii\libogc.a(usbstorage.o)
 .text.__usb_blkmsg_cb
                0x80019ddc       0x34 C:/devkitPro/libogc/lib/wii\libogc.a(usbstorage.o)
 .text.__usb_timeouthandler
                0x80019e10       0x10 C:/devkitPro/libogc/lib/wii\libogc.a(usbstorage.o)
 .text.__USB_BlkMsgTimeout
                0x80019e20       0xf0 C:/devkitPro/libogc/lib/wii\libogc.a(usbstorage.o)
 .text.__send_cbw
                0x80019f10      0x184 C:/devkitPro/libogc/lib/wii\libogc.a(usbstorage.o)
 .text.__read_csw
                0x8001a094      0x110 C:/devkitPro/libogc/lib/wii\libogc.a(usbstorage.o)
 .text.__usbstorage_reset
                0x8001a1a4      0x108 C:/devkitPro/libogc/lib/wii\libogc.a(usbstorage.o)
 .text.__cycle.constprop.0
                0x8001a2ac      0x2c8 C:/devkitPro/libogc/lib/wii\libogc.a(usbstorage.o)
 .text.__usbstorage_clearerrors
                0x8001a574      0x108 C:/devkitPro/libogc/lib/wii\libogc.a(usbstorage.o)
 .text.USBStorage_Initialize
                0x8001a67c      0x110 C:/devkitPro/libogc/lib/wii\libogc.a(usbstorage.o)
                0x8001a67c                USBStorage_Initialize
 .text.__usbstorage_Startup
                0x8001a78c       0x50 C:/devkitPro/libogc/lib/wii\libogc.a(usbstorage.o)
 .text.USBStorage_Close
                0x8001a7dc       0xa8 C:/devkitPro/libogc/lib/wii\libogc.a(usbstorage.o)
                0x8001a7dc                USBStorage_Close
 .text.__usbstorage_Shutdown
                0x8001a884       0x4c C:/devkitPro/libogc/lib/wii\libogc.a(usbstorage.o)
 .text.USBStorage_Open
                0x8001a8d0      0x4b4 C:/devkitPro/libogc/lib/wii\libogc.a(usbstorage.o)
                0x8001a8d0                USBStorage_Open
 .text.USBStorage_Inquiry
                0x8001ad84       0xc4 C:/devkitPro/libogc/lib/wii\libogc.a(usbstorage.o)
                0x8001ad84                USBStorage_Inquiry
 .text.USBStorage_ReadCapacity
                0x8001ae48       0xac C:/devkitPro/libogc/lib/wii\libogc.a(usbstorage.o)
                0x8001ae48                USBStorage_ReadCapacity
 .text.USBStorage_MountLUN
                0x8001aef4       0xe8 C:/devkitPro/libogc/lib/wii\libogc.a(usbstorage.o)
                0x8001aef4                USBStorage_MountLUN
 .text.__usbstorage_IsInserted
                0x8001afdc      0x370 C:/devkitPro/libogc/lib/wii\libogc.a(usbstorage.o)
 .text.USBStorage_Read
                0x8001b34c      0x158 C:/devkitPro/libogc/lib/wii\libogc.a(usbstorage.o)
                0x8001b34c                USBStorage_Read
 .text.__usbstorage_ReadSectors
                0x8001b4a4       0x5c C:/devkitPro/libogc/lib/wii\libogc.a(usbstorage.o)
 .text.USBStorage_Write
                0x8001b500      0x158 C:/devkitPro/libogc/lib/wii\libogc.a(usbstorage.o)
                0x8001b500                USBStorage_Write
 .text.__usbstorage_WriteSectors
                0x8001b658       0x5c C:/devkitPro/libogc/lib/wii\libogc.a(usbstorage.o)
 .text.__WII_WriteNANDBootInfo.isra.0
                0x8001b6b4       0xbc C:/devkitPro/libogc/lib/wii\libogc.a(wiilaunch.o)
 .text.__WII_WriteStateFlags.isra.0
                0x8001b770       0x94 C:/devkitPro/libogc/lib/wii\libogc.a(wiilaunch.o)
 .text.WII_Initialize
                0x8001b804      0x188 C:/devkitPro/libogc/lib/wii\libogc.a(wiilaunch.o)
                0x8001b804                WII_Initialize
 .text.WII_LaunchTitle
                0x8001b98c      0x1ac C:/devkitPro/libogc/lib/wii\libogc.a(wiilaunch.o)
                0x8001b98c                WII_LaunchTitle
 .text.WII_ReturnToMenu
                0x8001bb38       0x58 C:/devkitPro/libogc/lib/wii\libogc.a(wiilaunch.o)
                0x8001bb38                WII_ReturnToMenu
 .text.__lwp_priority_init
                0x8001bb90       0x1c C:/devkitPro/libogc/lib/wii\libogc.a(lwp_priority.o)
                0x8001bb90                __lwp_priority_init
 .text.__lwp_threadqueue_enqueuefifo
                0x8001bbac      0x12c C:/devkitPro/libogc/lib/wii\libogc.a(lwp_threadq.o)
                0x8001bbac                __lwp_threadqueue_enqueuefifo
 .text.__lwp_threadqueue_dequeuefifo
                0x8001bcd8      0x134 C:/devkitPro/libogc/lib/wii\libogc.a(lwp_threadq.o)
                0x8001bcd8                __lwp_threadqueue_dequeuefifo
 .text.__lwp_threadqueue_enqueuepriority
                0x8001be0c      0x334 C:/devkitPro/libogc/lib/wii\libogc.a(lwp_threadq.o)
                0x8001be0c                __lwp_threadqueue_enqueuepriority
 .text.__lwp_threadqueue_dequeuepriority
                0x8001c140      0x1d8 C:/devkitPro/libogc/lib/wii\libogc.a(lwp_threadq.o)
                0x8001c140                __lwp_threadqueue_dequeuepriority
 .text.__lwp_threadqueue_init
                0x8001c318       0x64 C:/devkitPro/libogc/lib/wii\libogc.a(lwp_threadq.o)
                0x8001c318                __lwp_threadqueue_init
 .text.__lwp_threadqueue_enqueue
                0x8001c37c      0x138 C:/devkitPro/libogc/lib/wii\libogc.a(lwp_threadq.o)
                0x8001c37c                __lwp_threadqueue_enqueue
 .text.__lwp_threadqueue_dequeue
                0x8001c4b4       0x24 C:/devkitPro/libogc/lib/wii\libogc.a(lwp_threadq.o)
                0x8001c4b4                __lwp_threadqueue_dequeue
 .text.__lwp_threadqueue_flush
                0x8001c4d8       0x68 C:/devkitPro/libogc/lib/wii\libogc.a(lwp_threadq.o)
                0x8001c4d8                __lwp_threadqueue_flush
 .text.__lwp_threadqueue_extractfifo
                0x8001c540       0xe8 C:/devkitPro/libogc/lib/wii\libogc.a(lwp_threadq.o)
                0x8001c540                __lwp_threadqueue_extractfifo
 .text.__lwp_threadqueue_extractpriority
                0x8001c628      0x148 C:/devkitPro/libogc/lib/wii\libogc.a(lwp_threadq.o)
                0x8001c628                __lwp_threadqueue_extractpriority
 .text.__lwp_threadqueue_timeout
                0x8001c770       0xd0 C:/devkitPro/libogc/lib/wii\libogc.a(lwp_threadq.o)
 .text.__lwp_threadqueue_extractproxy
                0x8001c840       0x64 C:/devkitPro/libogc/lib/wii\libogc.a(lwp_threadq.o)
                0x8001c840                __lwp_threadqueue_extractproxy
 .text.__syscall_getreent
                0x8001c8a4       0x24 C:/devkitPro/libogc/lib/wii\libogc.a(lwp_threads.o)
                0x8001c8a4                __syscall_getreent
 .text.__lwp_isr_in_progress
                0x8001c8c8        0x8 C:/devkitPro/libogc/lib/wii\libogc.a(lwp_threads.o)
                0x8001c8c8                __lwp_isr_in_progress
 .text.__thread_dispatch_fp
                0x8001c8d0       0x88 C:/devkitPro/libogc/lib/wii\libogc.a(lwp_threads.o)
                0x8001c8d0                __thread_dispatch_fp
 .text.__thread_dispatch
                0x8001c958       0xf4 C:/devkitPro/libogc/lib/wii\libogc.a(lwp_threads.o)
                0x8001c958                __thread_dispatch
 .text.__lwp_thread_resettimeslice
                0x8001ca4c       0xb4 C:/devkitPro/libogc/lib/wii\libogc.a(lwp_threads.o)
                0x8001ca4c                __lwp_thread_resettimeslice
 .text.__lwp_thread_tickle_timeslice
                0x8001cb00       0xc8 C:/devkitPro/libogc/lib/wii\libogc.a(lwp_threads.o)
                0x8001cb00                __lwp_thread_tickle_timeslice
 .text.__lwp_thread_setstate
                0x8001cbc8      0x16c C:/devkitPro/libogc/lib/wii\libogc.a(lwp_threads.o)
                0x8001cbc8                __lwp_thread_setstate
 .text.__lwp_thread_clearstate
                0x8001cd34       0xe4 C:/devkitPro/libogc/lib/wii\libogc.a(lwp_threads.o)
                0x8001cd34                __lwp_thread_clearstate
 .text.__lwp_thread_delayended
                0x8001ce18       0x48 C:/devkitPro/libogc/lib/wii\libogc.a(lwp_threads.o)
                0x8001ce18                __lwp_thread_delayended
 .text.__lwp_thread_settransient
                0x8001ce60       0xb4 C:/devkitPro/libogc/lib/wii\libogc.a(lwp_threads.o)
                0x8001ce60                __lwp_thread_settransient
 .text.__lwp_thread_changepriority
                0x8001cf14      0x1f8 C:/devkitPro/libogc/lib/wii\libogc.a(lwp_threads.o)
                0x8001cf14                __lwp_thread_changepriority
 .text.__lwp_thread_ready
                0x8001d10c       0xf0 C:/devkitPro/libogc/lib/wii\libogc.a(lwp_threads.o)
                0x8001d10c                __lwp_thread_ready
 .text.__lwp_thread_init
                0x8001d1fc      0x160 C:/devkitPro/libogc/lib/wii\libogc.a(lwp_threads.o)
                0x8001d1fc                __lwp_thread_init
 .text.__lwp_thread_close
                0x8001d35c      0x144 C:/devkitPro/libogc/lib/wii\libogc.a(lwp_threads.o)
                0x8001d35c                __lwp_thread_close
 .text.__lwp_thread_handler
                0x8001d4a0       0xc0 C:/devkitPro/libogc/lib/wii\libogc.a(lwp_threads.o)
 .text.__lwp_thread_closeall
                0x8001d560       0xb0 C:/devkitPro/libogc/lib/wii\libogc.a(lwp_threads.o)
                0x8001d560                __lwp_thread_closeall
 .text.__lwp_thread_start
                0x8001d610      0x150 C:/devkitPro/libogc/lib/wii\libogc.a(lwp_threads.o)
                0x8001d610                __lwp_thread_start
 .text.__lwp_thread_startmultitasking
                0x8001d760       0xac C:/devkitPro/libogc/lib/wii\libogc.a(lwp_threads.o)
                0x8001d760                __lwp_thread_startmultitasking
 .text.__lwp_thread_stopmultitasking
                0x8001d80c       0x58 C:/devkitPro/libogc/lib/wii\libogc.a(lwp_threads.o)
                0x8001d80c                __lwp_thread_stopmultitasking
 .text.__lwp_thread_coreinit
                0x8001d864       0xc4 C:/devkitPro/libogc/lib/wii\libogc.a(lwp_threads.o)
                0x8001d864                __lwp_thread_coreinit
 .text.idle_func
                0x8001d928        0x4 C:/devkitPro/libogc/lib/wii\libogc.a(lwp.o)
 .text.__lwp_sysinit
                0x8001d92c      0x114 C:/devkitPro/libogc/lib/wii\libogc.a(lwp.o)
                0x8001d92c                __lwp_sysinit
 .text.LWP_InitQueue
                0x8001da40      0x140 C:/devkitPro/libogc/lib/wii\libogc.a(lwp.o)
                0x8001da40                LWP_InitQueue
 .text.LWP_CloseQueue
                0x8001db80       0xd4 C:/devkitPro/libogc/lib/wii\libogc.a(lwp.o)
                0x8001db80                LWP_CloseQueue
 .text.LWP_ThreadSleep
                0x8001dc54       0xf8 C:/devkitPro/libogc/lib/wii\libogc.a(lwp.o)
                0x8001dc54                LWP_ThreadSleep
 .text.LWP_ThreadBroadcast
                0x8001dd4c       0x88 C:/devkitPro/libogc/lib/wii\libogc.a(lwp.o)
                0x8001dd4c                LWP_ThreadBroadcast
 .text.LWP_ThreadSignal
                0x8001ddd4       0x74 C:/devkitPro/libogc/lib/wii\libogc.a(lwp.o)
                0x8001ddd4                LWP_ThreadSignal
 .text.__lwp_stack_allocate
                0x8001de48       0x60 C:/devkitPro/libogc/lib/wii\libogc.a(lwp_stack.o)
                0x8001de48                __lwp_stack_allocate
 .text.__lwp_stack_free
                0x8001dea8       0x1c C:/devkitPro/libogc/lib/wii\libogc.a(lwp_stack.o)
                0x8001dea8                __lwp_stack_free
 .text.__lwp_mutex_initialize
                0x8001dec4       0xa4 C:/devkitPro/libogc/lib/wii\libogc.a(lwp_mutex.o)
                0x8001dec4                __lwp_mutex_initialize
 .text.__lwp_mutex_surrender
                0x8001df68      0x14c C:/devkitPro/libogc/lib/wii\libogc.a(lwp_mutex.o)
                0x8001df68                __lwp_mutex_surrender
 .text.__lwp_mutex_seize_irq_blocking
                0x8001e0b4       0xf8 C:/devkitPro/libogc/lib/wii\libogc.a(lwp_mutex.o)
                0x8001e0b4                __lwp_mutex_seize_irq_blocking
 .text.__lwp_mutex_flush
                0x8001e1ac        0x4 C:/devkitPro/libogc/lib/wii\libogc.a(lwp_mutex.o)
                0x8001e1ac                __lwp_mutex_flush
 .text.__lwp_wd_settimer
                0x8001e1b0       0xe0 C:/devkitPro/libogc/lib/wii\libogc.a(lwp_watchdog.o)
 .text.__lwp_watchdog_init
                0x8001e290       0x2c C:/devkitPro/libogc/lib/wii\libogc.a(lwp_watchdog.o)
                0x8001e290                __lwp_watchdog_init
 .text.__lwp_wd_insert
                0x8001e2bc      0x194 C:/devkitPro/libogc/lib/wii\libogc.a(lwp_watchdog.o)
                0x8001e2bc                __lwp_wd_insert
 .text.__lwp_wd_remove
                0x8001e450      0x138 C:/devkitPro/libogc/lib/wii\libogc.a(lwp_watchdog.o)
                0x8001e450                __lwp_wd_remove
 .text.__lwp_wd_tickle
                0x8001e588      0x120 C:/devkitPro/libogc/lib/wii\libogc.a(lwp_watchdog.o)
                0x8001e588                __lwp_wd_tickle
 .text.__lwp_wkspace_init
                0x8001e6a8       0xc0 C:/devkitPro/libogc/lib/wii\libogc.a(lwp_wkspace.o)
                0x8001e6a8                __lwp_wkspace_init
 .text.__lwp_objmgr_initinfo
                0x8001e768      0x1a0 C:/devkitPro/libogc/lib/wii\libogc.a(lwp_objmgr.o)
                0x8001e768                __lwp_objmgr_initinfo
 .text.__lwp_objmgr_getisrdisable
                0x8001e908       0x60 C:/devkitPro/libogc/lib/wii\libogc.a(lwp_objmgr.o)
                0x8001e908                __lwp_objmgr_getisrdisable
 .text.__lwp_objmgr_getnoprotection
                0x8001e968       0x24 C:/devkitPro/libogc/lib/wii\libogc.a(lwp_objmgr.o)
                0x8001e968                __lwp_objmgr_getnoprotection
 .text.__lwp_objmgr_get
                0x8001e98c       0x6c C:/devkitPro/libogc/lib/wii\libogc.a(lwp_objmgr.o)
                0x8001e98c                __lwp_objmgr_get
 .text.__lwp_objmgr_allocate
                0x8001e9f8       0x88 C:/devkitPro/libogc/lib/wii\libogc.a(lwp_objmgr.o)
                0x8001e9f8                __lwp_objmgr_allocate
 .text.__lwp_objmgr_free
                0x8001ea80       0x60 C:/devkitPro/libogc/lib/wii\libogc.a(lwp_objmgr.o)
                0x8001ea80                __lwp_objmgr_free
 .text.__lwp_heap_init
                0x8001eae0       0xa4 C:/devkitPro/libogc/lib/wii\libogc.a(lwp_heap.o)
                0x8001eae0                __lwp_heap_init
 .text.__lwp_heap_allocate
                0x8001eb84      0x160 C:/devkitPro/libogc/lib/wii\libogc.a(lwp_heap.o)
                0x8001eb84                __lwp_heap_allocate
 .text.__lwp_heap_free
                0x8001ece4      0x188 C:/devkitPro/libogc/lib/wii\libogc.a(lwp_heap.o)
                0x8001ece4                __lwp_heap_free
 .text.__systemcall_init
                0x8001ee6c       0x70 C:/devkitPro/libogc/lib/wii\libogc.a(exception.o)
                0x8001ee6c                __systemcall_init
 .text.__exception_init
                0x8001eedc      0x120 C:/devkitPro/libogc/lib/wii\libogc.a(exception.o)
                0x8001eedc                __exception_init
 .text.__exception_close
                0x8001effc       0xac C:/devkitPro/libogc/lib/wii\libogc.a(exception.o)
                0x8001effc                __exception_close
 .text.__exception_closeall
                0x8001f0a8       0x80 C:/devkitPro/libogc/lib/wii\libogc.a(exception.o)
                0x8001f0a8                __exception_closeall
 .text.c_default_exceptionhandler
                0x8001f128      0x458 C:/devkitPro/libogc/lib/wii\libogc.a(exception.o)
                0x8001f128                c_default_exceptionhandler
 .text.__SetInterrupts
                0x8001f580      0x268 C:/devkitPro/libogc/lib/wii\libogc.a(irq.o)
 .text.c_irqdispatcher
                0x8001f7e8      0x278 C:/devkitPro/libogc/lib/wii\libogc.a(irq.o)
                0x8001f7e8                c_irqdispatcher
 .text.__UnmaskIrq
                0x8001fa60       0x84 C:/devkitPro/libogc/lib/wii\libogc.a(irq.o)
                0x8001fa60                __UnmaskIrq
 .text.__MaskIrq
                0x8001fae4       0x84 C:/devkitPro/libogc/lib/wii\libogc.a(irq.o)
                0x8001fae4                __MaskIrq
 .text.__irq_init
                0x8001fb68       0x9c C:/devkitPro/libogc/lib/wii\libogc.a(irq.o)
                0x8001fb68                __irq_init
 .text.IRQ_Request
                0x8001fc04       0x50 C:/devkitPro/libogc/lib/wii\libogc.a(irq.o)
                0x8001fc04                IRQ_Request
 .text.IRQ_GetHandler
                0x8001fc54       0x44 C:/devkitPro/libogc/lib/wii\libogc.a(irq.o)
                0x8001fc54                IRQ_GetHandler
 .text.__lwp_sema_init
                0x8001fc98       0x14 C:/devkitPro/libogc/lib/wii\libogc.a(semaphore.o)
                0x8001fc98                __lwp_sema_init
 .text.__exi_irq_handler
                0x8001fcac       0x58 C:/devkitPro/libogc/lib/wii\libogc.a(exi.o)
 .text.__ext_irq_handler
                0x8001fd04       0xc8 C:/devkitPro/libogc/lib/wii\libogc.a(exi.o)
 .text.__tc_irq_handler
                0x8001fdcc      0x178 C:/devkitPro/libogc/lib/wii\libogc.a(exi.o)
 .text.__exi_probe
                0x8001ff44      0x214 C:/devkitPro/libogc/lib/wii\libogc.a(exi.o)
 .text.__exi_attach
                0x80020158      0x104 C:/devkitPro/libogc/lib/wii\libogc.a(exi.o)
 .text.EXI_Lock
                0x8002025c      0x218 C:/devkitPro/libogc/lib/wii\libogc.a(exi.o)
                0x8002025c                EXI_Lock
 .text.EXI_Unlock
                0x80020474      0x224 C:/devkitPro/libogc/lib/wii\libogc.a(exi.o)
                0x80020474                EXI_Unlock
 .text.EXI_Select
                0x80020698      0x208 C:/devkitPro/libogc/lib/wii\libogc.a(exi.o)
                0x80020698                EXI_Select
 .text.EXI_Deselect
                0x800208a0      0x16c C:/devkitPro/libogc/lib/wii\libogc.a(exi.o)
                0x800208a0                EXI_Deselect
 .text.EXI_Sync
                0x80020a0c      0x108 C:/devkitPro/libogc/lib/wii\libogc.a(exi.o)
                0x80020a0c                EXI_Sync
 .text.EXI_Imm  0x80020b14      0x1f8 C:/devkitPro/libogc/lib/wii\libogc.a(exi.o)
                0x80020b14                EXI_Imm
 .text.EXI_ImmEx
                0x80020d0c       0xd8 C:/devkitPro/libogc/lib/wii\libogc.a(exi.o)
                0x80020d0c                EXI_ImmEx
 .text.EXI_Dma  0x80020de4      0x16c C:/devkitPro/libogc/lib/wii\libogc.a(exi.o)
                0x80020de4                EXI_Dma
 .text.EXI_GetState
                0x80020f50       0x18 C:/devkitPro/libogc/lib/wii\libogc.a(exi.o)
                0x80020f50                EXI_GetState
 .text.EXI_Detach
                0x80020f68       0xb0 C:/devkitPro/libogc/lib/wii\libogc.a(exi.o)
                0x80020f68                EXI_Detach
 .text.EXI_GetID
                0x80021018      0x338 C:/devkitPro/libogc/lib/wii\libogc.a(exi.o)
                0x80021018                EXI_GetID
 .text.EXI_SelectSD
                0x80021350      0x254 C:/devkitPro/libogc/lib/wii\libogc.a(exi.o)
                0x80021350                EXI_SelectSD
 .text.__unlocked_handler
                0x800215a4       0x28 C:/devkitPro/libogc/lib/wii\libogc.a(exi.o)
 .text.EXI_Probe
                0x800215cc       0x80 C:/devkitPro/libogc/lib/wii\libogc.a(exi.o)
                0x800215cc                EXI_Probe
 .text.EXI_Attach
                0x8002164c       0xd4 C:/devkitPro/libogc/lib/wii\libogc.a(exi.o)
                0x8002164c                EXI_Attach
 .text.EXI_ProbeEx
                0x80021720       0xa4 C:/devkitPro/libogc/lib/wii\libogc.a(exi.o)
                0x80021720                EXI_ProbeEx
 .text.EXI_ProbeReset
                0x800217c4       0x70 C:/devkitPro/libogc/lib/wii\libogc.a(exi.o)
                0x800217c4                EXI_ProbeReset
 .text.__exi_init
                0x80021834      0x188 C:/devkitPro/libogc/lib/wii\libogc.a(exi.o)
                0x80021834                __exi_init
 .text.__GX_InitRevBits
                0x800219bc       0x98 C:/devkitPro/libogc/lib/wii\libogc.a(gx.o)
 .text.GX_AbortFrame
                0x80021a54      0x3d8 C:/devkitPro/libogc/lib/wii\libogc.a(gx.o)
                0x80021a54                GX_AbortFrame
 .text.number   0x80021e2c      0x318 C:/devkitPro/libogc/lib/wii\libogc.a(kprintf.o)
 .text.kvsprintf
                0x80022144      0x888 C:/devkitPro/libogc/lib/wii\libogc.a(kprintf.o)
                0x80022144                kvsprintf
 .text.kprintf  0x800229cc       0xac C:/devkitPro/libogc/lib/wii\libogc.a(kprintf.o)
                0x800229cc                kprintf
 .text.__usbv5_devicechangeCB
                0x80022a78      0x180 C:/devkitPro/libogc/lib/wii\libogc.a(usb.o)
 .text.__usbv5_attachfinishCB
                0x80022bf8       0xcc C:/devkitPro/libogc/lib/wii\libogc.a(usb.o)
 .text.__usbv5_messageCB
                0x80022cc4       0x5c C:/devkitPro/libogc/lib/wii\libogc.a(usb.o)
 .text.__usbv0_messageCB
                0x80022d20       0xa8 C:/devkitPro/libogc/lib/wii\libogc.a(usb.o)
 .text.__usb_control_message
                0x80022dc8      0x428 C:/devkitPro/libogc/lib/wii\libogc.a(usb.o)
 .text.__usb_interrupt_bulk_message
                0x800231f0      0x2c0 C:/devkitPro/libogc/lib/wii\libogc.a(usb.o)
 .text.USB_FreeDescriptors.part.0
                0x800234b0       0xfc C:/devkitPro/libogc/lib/wii\libogc.a(usb.o)
 .text.USB_GetDescriptors.part.0
                0x800235ac      0x674 C:/devkitPro/libogc/lib/wii\libogc.a(usb.o)
 .text.USB5_RegisterDeviceRemoval
                0x80023c20       0xe8 C:/devkitPro/libogc/lib/wii\libogc.a(usb.o)
 .text.USBV5_SuspendResume
                0x80023d08      0x138 C:/devkitPro/libogc/lib/wii\libogc.a(usb.o)
 .text.USBV5_GetDescriptors
                0x80023e40      0x518 C:/devkitPro/libogc/lib/wii\libogc.a(usb.o)
 .text.USB_Deinitialize
                0x80024358       0xc8 C:/devkitPro/libogc/lib/wii\libogc.a(usb.o)
                0x80024358                USB_Deinitialize
 .text.USB_Initialize
                0x80024420      0x2f8 C:/devkitPro/libogc/lib/wii\libogc.a(usb.o)
                0x80024420                USB_Initialize
 .text.USB_OpenDevice
                0x80024718      0x2b8 C:/devkitPro/libogc/lib/wii\libogc.a(usb.o)
                0x80024718                USB_OpenDevice
 .text.USBV5_CloseDevice
                0x800249d0      0x128 C:/devkitPro/libogc/lib/wii\libogc.a(usb.o)
                0x800249d0                USBV5_CloseDevice
 .text.USB_CloseDevice
                0x80024af8       0x90 C:/devkitPro/libogc/lib/wii\libogc.a(usb.o)
                0x80024af8                USB_CloseDevice
 .text.USB_GetDescriptors
                0x80024b88       0x40 C:/devkitPro/libogc/lib/wii\libogc.a(usb.o)
                0x80024b88                USB_GetDescriptors
 .text.USB_FreeDescriptors
                0x80024bc8       0x10 C:/devkitPro/libogc/lib/wii\libogc.a(usb.o)
                0x80024bc8                USB_FreeDescriptors
 .text.USB_WriteBlkMsgAsync
                0x80024bd8       0x28 C:/devkitPro/libogc/lib/wii\libogc.a(usb.o)
                0x80024bd8                USB_WriteBlkMsgAsync
 .text.USB_WriteCtrlMsgAsync
                0x80024c00        0x4 C:/devkitPro/libogc/lib/wii\libogc.a(usb.o)
                0x80024c00                USB_WriteCtrlMsgAsync
 .text.USB_DeviceRemovalNotifyAsync
                0x80024c04       0xbc C:/devkitPro/libogc/lib/wii\libogc.a(usb.o)
                0x80024c04                USB_DeviceRemovalNotifyAsync
 .text.USB_ResumeDevice
                0x80024cc0       0x2c C:/devkitPro/libogc/lib/wii\libogc.a(usb.o)
                0x80024cc0                USB_ResumeDevice
 .text.USB_GetDeviceList
                0x80024cec      0x2bc C:/devkitPro/libogc/lib/wii\libogc.a(usb.o)
                0x80024cec                USB_GetDeviceList
 .text.USB_SetConfiguration
                0x80024fa8       0x40 C:/devkitPro/libogc/lib/wii\libogc.a(usb.o)
                0x80024fa8                USB_SetConfiguration
 .text.USB_GetConfiguration
                0x80024fe8       0xa4 C:/devkitPro/libogc/lib/wii\libogc.a(usb.o)
                0x80024fe8                USB_GetConfiguration
 .text.USB_SetAlternativeInterface
                0x8002508c       0x40 C:/devkitPro/libogc/lib/wii\libogc.a(usb.o)
                0x8002508c                USB_SetAlternativeInterface
 .text.USB_ClearHalt
                0x800250cc      0x1d0 C:/devkitPro/libogc/lib/wii\libogc.a(usb.o)
                0x800250cc                USB_ClearHalt
 .text.__card_exthandler
                0x8002529c       0x64 C:/devkitPro/libogc/lib/wii\libogc.a(sdgecko_io.o)
 .text.__exi_unlock
                0x80025300       0x34 C:/devkitPro/libogc/lib/wii\libogc.a(sdgecko_io.o)
 .text.__card_dataread
                0x80025334      0x2cc C:/devkitPro/libogc/lib/wii\libogc.a(sdgecko_io.o)
 .text.__card_readresponse
                0x80025600      0x1a8 C:/devkitPro/libogc/lib/wii\libogc.a(sdgecko_io.o)
 .text.__card_response2
                0x800257a8       0x88 C:/devkitPro/libogc/lib/wii\libogc.a(sdgecko_io.o)
 .text.__card_writecmd.constprop.0
                0x80025830      0x23c C:/devkitPro/libogc/lib/wii\libogc.a(sdgecko_io.o)
 .text.__card_stopreadresponse.constprop.0
                0x80025a6c      0x2d0 C:/devkitPro/libogc/lib/wii\libogc.a(sdgecko_io.o)
 .text.__card_setblocklen
                0x80025d3c      0x164 C:/devkitPro/libogc/lib/wii\libogc.a(sdgecko_io.o)
 .text.__card_softreset
                0x80025ea0      0x320 C:/devkitPro/libogc/lib/wii\libogc.a(sdgecko_io.o)
 .text.__card_sendappcmd
                0x800261c0      0x120 C:/devkitPro/libogc/lib/wii\libogc.a(sdgecko_io.o)
 .text.__card_sd_status
                0x800262e0       0xe0 C:/devkitPro/libogc/lib/wii\libogc.a(sdgecko_io.o)
 .text.__card_readcid
                0x800263c0      0x13c C:/devkitPro/libogc/lib/wii\libogc.a(sdgecko_io.o)
 .text.__card_readcsd
                0x800264fc      0x13c C:/devkitPro/libogc/lib/wii\libogc.a(sdgecko_io.o)
 .text.sdgecko_initIODefault
                0x80026638      0x19c C:/devkitPro/libogc/lib/wii\libogc.a(sdgecko_io.o)
                0x80026638                sdgecko_initIODefault
 .text.sdgecko_doUnmount
                0x800267d4       0xd4 C:/devkitPro/libogc/lib/wii\libogc.a(sdgecko_io.o)
                0x800267d4                sdgecko_doUnmount
 .text.sdgecko_initIO
                0x800268a8      0x600 C:/devkitPro/libogc/lib/wii\libogc.a(sdgecko_io.o)
                0x800268a8                sdgecko_initIO
 .text.__card_retrycb
                0x80026ea8       0x18 C:/devkitPro/libogc/lib/wii\libogc.a(sdgecko_io.o)
 .text.sdgecko_preIO
                0x80026ec0       0x24 C:/devkitPro/libogc/lib/wii\libogc.a(sdgecko_io.o)
                0x80026ec0                sdgecko_preIO
 .text.sdgecko_readStatus
                0x80026ee4       0x84 C:/devkitPro/libogc/lib/wii\libogc.a(sdgecko_io.o)
                0x80026ee4                sdgecko_readStatus
 .text.sdgecko_readSectors
                0x80026f68      0x33c C:/devkitPro/libogc/lib/wii\libogc.a(sdgecko_io.o)
                0x80026f68                sdgecko_readSectors
 .text.sdgecko_writeSectors
                0x800272a4      0xa7c C:/devkitPro/libogc/lib/wii\libogc.a(sdgecko_io.o)
                0x800272a4                sdgecko_writeSectors
 .text.sdgecko_initBufferPool
                0x80027d20       0x28 C:/devkitPro/libogc/lib/wii\libogc.a(sdgecko_buf.o)
                0x80027d20                sdgecko_initBufferPool
 .text.net_wc24cleanup
                0x80027d48       0x64 C:/devkitPro/libogc/lib/wii\libogc.a(network_wii.o)
                0x80027d48                net_wc24cleanup
 .text.__lwp_queue_initialize
                0x80027dac       0x98 C:/devkitPro/libogc/lib/wii\libogc.a(lwp_queue.o)
                0x80027dac                __lwp_queue_initialize
 .text.__lwp_queue_get
                0x80027e44       0x74 C:/devkitPro/libogc/lib/wii\libogc.a(lwp_queue.o)
                0x80027e44                __lwp_queue_get
 .text.__lwp_queue_append
                0x80027eb8       0x4c C:/devkitPro/libogc/lib/wii\libogc.a(lwp_queue.o)
                0x80027eb8                __lwp_queue_append
 .text.__divdi3
                0x80027f04      0x3ec C:/devkitPro/devkitPPC/bin/../lib/gcc/powerpc-eabi/13.1.0\libgcc.a(_divdi3.o)
                0x80027f04                __divdi3
 .text.__moddi3
                0x800282f0      0x3a0 C:/devkitPro/devkitPPC/bin/../lib/gcc/powerpc-eabi/13.1.0\libgcc.a(_moddi3.o)
                0x800282f0                __moddi3
 .text.__udivdi3
                0x80028690      0x3bc C:/devkitPro/devkitPPC/bin/../lib/gcc/powerpc-eabi/13.1.0\libgcc.a(_udivdi3.o)
                0x80028690                __udivdi3
 .text.__umoddi3
                0x80028a4c      0x390 C:/devkitPro/devkitPPC/bin/../lib/gcc/powerpc-eabi/13.1.0\libgcc.a(_umoddi3.o)
                0x80028a4c                __umoddi3
 .text.unlikely.abort
                0x80028ddc       0x28 C:/devkitPro/devkitPPC/bin/../lib/gcc/powerpc-eabi/13.1.0/../../../../powerpc-eabi/lib\libsysbase.a(libsysbase_libsysbase_a-abort.o)
                0x80028ddc                abort
 .text.build_argv
                0x80028e04      0x118 C:/devkitPro/devkitPPC/bin/../lib/gcc/powerpc-eabi/13.1.0/../../../../powerpc-eabi/lib\libsysbase.a(libsysbase_libsysbase_a-build_argv.o)
                0x80028e04                build_argv
 .text.chdir    0x80028f1c      0x1b4 C:/devkitPro/devkitPPC/bin/../lib/gcc/powerpc-eabi/13.1.0/../../../../powerpc-eabi/lib\libsysbase.a(libsysbase_libsysbase_a-chdir.o)
                0x80028f1c                chdir
 .text._concatenate_path
                0x800290d0      0x278 C:/devkitPro/devkitPPC/bin/../lib/gcc/powerpc-eabi/13.1.0/../../../../powerpc-eabi/lib\libsysbase.a(libsysbase_libsysbase_a-concatenate.o)
                0x800290d0                _concatenate_path
 .text.opendir  0x80029348      0x170 C:/devkitPro/devkitPPC/bin/../lib/gcc/powerpc-eabi/13.1.0/../../../../powerpc-eabi/lib\libsysbase.a(libsysbase_libsysbase_a-dirent.o)
                0x80029348                opendir
 .text.closedir
                0x800294b8       0xc4 C:/devkitPro/devkitPPC/bin/../lib/gcc/powerpc-eabi/13.1.0/../../../../powerpc-eabi/lib\libsysbase.a(libsysbase_libsysbase_a-dirent.o)
                0x800294b8                closedir
 .text.ftruncate
                0x8002957c       0xd4 C:/devkitPro/devkitPPC/bin/../lib/gcc/powerpc-eabi/13.1.0/../../../../powerpc-eabi/lib\libsysbase.a(libsysbase_libsysbase_a-ftruncate.o)
                0x8002957c                ftruncate
 .text.__getreent
                0x80029650       0x20 C:/devkitPro/devkitPPC/bin/../lib/gcc/powerpc-eabi/13.1.0/../../../../powerpc-eabi/lib\libsysbase.a(libsysbase_libsysbase_a-getreent.o)
                0x80029650                __getreent
 .text.__release_handle
                0x80029670       0xe0 C:/devkitPro/devkitPPC/bin/../lib/gcc/powerpc-eabi/13.1.0/../../../../powerpc-eabi/lib\libsysbase.a(libsysbase_libsysbase_a-handle_manager.o)
                0x80029670                __release_handle
 .text.__alloc_handle
                0x80029750      0x120 C:/devkitPro/devkitPPC/bin/../lib/gcc/powerpc-eabi/13.1.0/../../../../powerpc-eabi/lib\libsysbase.a(libsysbase_libsysbase_a-handle_manager.o)
                0x80029750                __alloc_handle
 .text.__get_handle
                0x80029870       0x90 C:/devkitPro/devkitPPC/bin/../lib/gcc/powerpc-eabi/13.1.0/../../../../powerpc-eabi/lib\libsysbase.a(libsysbase_libsysbase_a-handle_manager.o)
                0x80029870                __get_handle
 .text._close_r
                0x80029900      0x178 C:/devkitPro/devkitPPC/bin/../lib/gcc/powerpc-eabi/13.1.0/../../../../powerpc-eabi/lib\libsysbase.a(libsysbase_libsysbase_a-handle_manager.o)
                0x80029900                _close_r
 .text.null_write
                0x80029a78        0x8 C:/devkitPro/devkitPPC/bin/../lib/gcc/powerpc-eabi/13.1.0/../../../../powerpc-eabi/lib\libsysbase.a(libsysbase_libsysbase_a-iosupport.o)
 .text.setDefaultDevice
                0x80029a80       0x18 C:/devkitPro/devkitPPC/bin/../lib/gcc/powerpc-eabi/13.1.0/../../../../powerpc-eabi/lib\libsysbase.a(libsysbase_libsysbase_a-iosupport.o)
                0x80029a80                setDefaultDevice
 .text.FindDevice
                0x80029a98      0x14c C:/devkitPro/devkitPPC/bin/../lib/gcc/powerpc-eabi/13.1.0/../../../../powerpc-eabi/lib\libsysbase.a(libsysbase_libsysbase_a-iosupport.o)
                0x80029a98                FindDevice
 .text.RemoveDevice
                0x80029be4       0x44 C:/devkitPro/devkitPPC/bin/../lib/gcc/powerpc-eabi/13.1.0/../../../../powerpc-eabi/lib\libsysbase.a(libsysbase_libsysbase_a-iosupport.o)
                0x80029be4                RemoveDevice
 .text.AddDevice
                0x80029c28      0x118 C:/devkitPro/devkitPPC/bin/../lib/gcc/powerpc-eabi/13.1.0/../../../../powerpc-eabi/lib\libsysbase.a(libsysbase_libsysbase_a-iosupport.o)
                0x80029c28                AddDevice
 .text.GetDeviceOpTab
                0x80029d40       0x4c C:/devkitPro/devkitPPC/bin/../lib/gcc/powerpc-eabi/13.1.0/../../../../powerpc-eabi/lib\libsysbase.a(libsysbase_libsysbase_a-iosupport.o)
                0x80029d40                GetDeviceOpTab
 .text.mkdir    0x80029d8c       0xa8 C:/devkitPro/devkitPPC/bin/../lib/gcc/powerpc-eabi/13.1.0/../../../../powerpc-eabi/lib\libsysbase.a(libsysbase_libsysbase_a-mkdir.o)
                0x80029d8c                mkdir
 .text.sleep    0x80029e34       0x70 C:/devkitPro/devkitPPC/bin/../lib/gcc/powerpc-eabi/13.1.0/../../../../powerpc-eabi/lib\libsysbase.a(libsysbase_libsysbase_a-sleep.o)
                0x80029e34                sleep
 .text.__libc_lock_init
                0x80029ea4       0x14 C:/devkitPro/devkitPPC/bin/../lib/gcc/powerpc-eabi/13.1.0/../../../../powerpc-eabi/lib\libsysbase.a(libsysbase_libsysbase_a-syscall_support.o)
                0x80029ea4                __libc_lock_init